01:12:53 **** Build of project sha256_bsp ****
make -k all 
Running Make include in microblaze_0/libsrc/cpu_v2_6/src
make -C microblaze_0/libsrc/cpu_v2_6/src -s include  "SHELL=/bin/sh" "COMPILER=mb-gcc" "ARCHIVER=mb-ar" "COMPILER_FLAGS= -O2 -c -mcpu=v10.0 -mlittle-endian -mxl-soft-mul" "EXTRA_COMPILER_FLAGS=-ffunction-sections -fdata-sections -Wall -Wextra"
Running Make include in microblaze_0/libsrc/standalone_v6_5/src
make -C microblaze_0/libsrc/standalone_v6_5/src -s include  "SHELL=/bin/sh" "COMPILER=mb-gcc" "ARCHIVER=mb-ar" "COMPILER_FLAGS= -O2 -c -mcpu=v10.0 -mlittle-endian -mxl-soft-mul" "EXTRA_COMPILER_FLAGS=-ffunction-sections -fdata-sections -Wall -Wextra"
Running Make include in microblaze_0/libsrc/uartlite_v3_2/src
make -C microblaze_0/libsrc/uartlite_v3_2/src -s include  "SHELL=/bin/sh" "COMPILER=mb-gcc" "ARCHIVER=mb-ar" "COMPILER_FLAGS= -O2 -c -mcpu=v10.0 -mlittle-endian -mxl-soft-mul" "EXTRA_COMPILER_FLAGS=-ffunction-sections -fdata-sections -Wall -Wextra"
Running Make include in microblaze_0/libsrc/bram_v4_2/src
make -C microblaze_0/libsrc/bram_v4_2/src -s include  "SHELL=/bin/sh" "COMPILER=mb-gcc" "ARCHIVER=mb-ar" "COMPILER_FLAGS= -O2 -c -mcpu=v10.0 -mlittle-endian -mxl-soft-mul" "EXTRA_COMPILER_FLAGS=-ffunction-sections -fdata-sections -Wall -Wextra"
Running Make include in microblaze_0/libsrc/gpio_v4_3/src
make -C microblaze_0/libsrc/gpio_v4_3/src -s include  "SHELL=/bin/sh" "COMPILER=mb-gcc" "ARCHIVER=mb-ar" "COMPILER_FLAGS= -O2 -c -mcpu=v10.0 -mlittle-endian -mxl-soft-mul" "EXTRA_COMPILER_FLAGS=-ffunction-sections -fdata-sections -Wall -Wextra"
Running Make include in microblaze_0/libsrc/intc_v3_7/src
make -C microblaze_0/libsrc/intc_v3_7/src -s include  "SHELL=/bin/sh" "COMPILER=mb-gcc" "ARCHIVER=mb-ar" "COMPILER_FLAGS= -O2 -c -mcpu=v10.0 -mlittle-endian -mxl-soft-mul" "EXTRA_COMPILER_FLAGS=-ffunction-sections -fdata-sections -Wall -Wextra"
Running Make include in microblaze_0/libsrc/sha256_v1_0/src
make -C microblaze_0/libsrc/sha256_v1_0/src -s include  "SHELL=/bin/sh" "COMPILER=mb-gcc" "ARCHIVER=mb-ar" "COMPILER_FLAGS= -O2 -c -mcpu=v10.0 -mlittle-endian -mxl-soft-mul" "EXTRA_COMPILER_FLAGS=-ffunction-sections -fdata-sections -Wall -Wextra"
Running Make libs in microblaze_0/libsrc/cpu_v2_6/src
make -C microblaze_0/libsrc/cpu_v2_6/src -s libs  "SHELL=/bin/sh" "COMPILER=mb-gcc" "ARCHIVER=mb-ar" "COMPILER_FLAGS= -O2 -c -mcpu=v10.0 -mlittle-endian -mxl-soft-mul" "EXTRA_COMPILER_FLAGS=-ffunction-sections -fdata-sections -Wall -Wextra"
Compiling cpu
mb-ar: creating ../../../lib/libxil.a
Running Make libs in microblaze_0/libsrc/standalone_v6_5/src
make -C microblaze_0/libsrc/standalone_v6_5/src -s libs  "SHELL=/bin/sh" "COMPILER=mb-gcc" "ARCHIVER=mb-ar" "COMPILER_FLAGS= -O2 -c -mcpu=v10.0 -mlittle-endian -mxl-soft-mul" "EXTRA_COMPILER_FLAGS=-ffunction-sections -fdata-sections -Wall -Wextra"
Compiling standalone
Running Make libs in microblaze_0/libsrc/uartlite_v3_2/src
make -C microblaze_0/libsrc/uartlite_v3_2/src -s libs  "SHELL=/bin/sh" "COMPILER=mb-gcc" "ARCHIVER=mb-ar" "COMPILER_FLAGS= -O2 -c -mcpu=v10.0 -mlittle-endian -mxl-soft-mul" "EXTRA_COMPILER_FLAGS=-ffunction-sections -fdata-sections -Wall -Wextra"
Compiling uartlite
Running Make libs in microblaze_0/libsrc/bram_v4_2/src
make -C microblaze_0/libsrc/bram_v4_2/src -s libs  "SHELL=/bin/sh" "COMPILER=mb-gcc" "ARCHIVER=mb-ar" "COMPILER_FLAGS= -O2 -c -mcpu=v10.0 -mlittle-endian -mxl-soft-mul" "EXTRA_COMPILER_FLAGS=-ffunction-sections -fdata-sections -Wall -Wextra"
Compiling bram
Running Make libs in microblaze_0/libsrc/gpio_v4_3/src
make -C microblaze_0/libsrc/gpio_v4_3/src -s libs  "SHELL=/bin/sh" "COMPILER=mb-gcc" "ARCHIVER=mb-ar" "COMPILER_FLAGS= -O2 -c -mcpu=v10.0 -mlittle-endian -mxl-soft-mul" "EXTRA_COMPILER_FLAGS=-ffunction-sections -fdata-sections -Wall -Wextra"
Compiling gpio
Running Make libs in microblaze_0/libsrc/intc_v3_7/src
make -C microblaze_0/libsrc/intc_v3_7/src -s libs  "SHELL=/bin/sh" "COMPILER=mb-gcc" "ARCHIVER=mb-ar" "COMPILER_FLAGS= -O2 -c -mcpu=v10.0 -mlittle-endian -mxl-soft-mul" "EXTRA_COMPILER_FLAGS=-ffunction-sections -fdata-sections -Wall -Wextra"
Compiling intc
Running Make libs in microblaze_0/libsrc/sha256_v1_0/src
make -C microblaze_0/libsrc/sha256_v1_0/src -s libs  "SHELL=/bin/sh" "COMPILER=mb-gcc" "ARCHIVER=mb-ar" "COMPILER_FLAGS= -O2 -c -mcpu=v10.0 -mlittle-endian -mxl-soft-mul" "EXTRA_COMPILER_FLAGS=-ffunction-sections -fdata-sections -Wall -Wextra"
Compiling sha256...
sha256_selftest.c: In function 'SHA256_Reg_SelfTest':
sha256_selftest.c:52:55: warning: comparison between signed and unsigned integer expressions [-Wsign-compare]
    if ( SHA256_mReadReg (baseaddr, read_loop_index*4) != (read_loop_index+1)*READ_WRITE_MUL_FACTOR){
                                                       ^~
sha256_selftest.c:36:6: warning: unused variable 'Index' [-Wunused-variable]
  int Index;
      ^~~~~
Finished building libraries
01:12:59 **** Build of configuration Debug for project sha256 ****
make all 
Building file: ../src/helloworld.c
Invoking: MicroBlaze gcc compiler
mb-gcc -Wall -O0 -g3 -c -fmessage-length=0 -MT"src/helloworld.o" -I../../sha256_bsp/microblaze_0/include -mlittle-endian -mcpu=v10.0 -mxl-soft-mul -Wl,--no-relax -ffunction-sections -fdata-sections -MMD -MP -MF"src/helloworld.d" -MT"src/helloworld.o" -o "src/helloworld.o" "../src/helloworld.c"
Finished building: ../src/helloworld.c
 
Building file: ../src/platform.c
Invoking: MicroBlaze gcc compiler
mb-gcc -Wall -O0 -g3 -c -fmessage-length=0 -MT"src/platform.o" -I../../sha256_bsp/microblaze_0/include -mlittle-endian -mcpu=v10.0 -mxl-soft-mul -Wl,--no-relax -ffunction-sections -fdata-sections -MMD -MP -MF"src/platform.d" -MT"src/platform.o" -o "src/platform.o" "../src/platform.c"
Finished building: ../src/platform.c
 
Building target: sha256.elf
Invoking: MicroBlaze gcc linker
mb-gcc -Wl,-T -Wl,../src/lscript.ld -L../../sha256_bsp/microblaze_0/lib -mlittle-endian -mcpu=v10.0 -mxl-soft-mul -Wl,--no-relax -Wl,--gc-sections -o "sha256.elf"  ./src/helloworld.o ./src/platform.o   -Wl,--start-group,-lxil,-lgcc,-lc,--end-group
Finished building target: sha256.elf
 
Invoking: MicroBlaze Print Size
mb-size sha256.elf  |tee "sha256.elf.size"
   text	   data	    bss	    dec	    hex	filename
   3152	    308	   3108	   6568	   19a8	sha256.elf
Finished building: sha256.elf.size
 
01:17:31 **** Auto Build of configuration Debug for project sha256 ****
make all 
Building file: ../src/helloworld.c
Invoking: MicroBlaze gcc compiler
mb-gcc -Wall -O0 -g3 -c -fmessage-length=0 -MT"src/helloworld.o" -I../../sha256_bsp/microblaze_0/include -mlittle-endian -mcpu=v10.0 -mxl-soft-mul -Wl,--no-relax -ffunction-sections -fdata-sections -MMD -MP -MF"src/helloworld.d" -MT"src/helloworld.o" -o "src/helloworld.o" "../src/helloworld.c"
../src/helloworld.c: In function 'TimerIntCallbackHandler':
../src/helloworld.c:61:3: error: 'userCount' undeclared (first use in this function)
   userCount = (userCount + 1) % 100; // Incremented once every 500 interrupts
   ^~~~~~~~~
../src/helloworld.c:61:3: note: each undeclared identifier is reported only once for each function it appears in
../src/helloworld.c:86:2: warning: implicit declaration of function 'XGpio_WriteReg' [-Wimplicit-function-declaration]
  XGpio_WriteReg(XPAR_AXI_GPIO_DISP_AN_BASEADDR, XGPIO_DATA_OFFSET, enableMask);
  ^~~~~~~~~~~~~~
../src/helloworld.c:86:17: error: 'XPAR_AXI_GPIO_DISP_AN_BASEADDR' undeclared (first use in this function)
  XGpio_WriteReg(XPAR_AXI_GPIO_DISP_AN_BASEADDR, XGPIO_DATA_OFFSET, enableMask);
                 ^~~~~~~~~~~~~~~~~~~~~~~~~~~~~~
../src/helloworld.c:86:49: error: 'XGPIO_DATA_OFFSET' undeclared (first use in this function)
  XGpio_WriteReg(XPAR_AXI_GPIO_DISP_AN_BASEADDR, XGPIO_DATA_OFFSET, enableMask);
                                                 ^~~~~~~~~~~~~~~~~
../src/helloworld.c:87:17: error: 'XPAR_AXI_GPIO_DISP_SEG_BASEADDR' undeclared (first use in this function)
  XGpio_WriteReg(XPAR_AXI_GPIO_DISP_SEG_BASEADDR, XGPIO_DATA_OFFSET, disp7SegMapTable[digit]);
                 ^~~~~~~~~~~~~~~~~~~~~~~~~~~~~~~
../src/helloworld.c:87:69: error: 'disp7SegMapTable' undeclared (first use in this function)
  XGpio_WriteReg(XPAR_AXI_GPIO_DISP_SEG_BASEADDR, XGPIO_DATA_OFFSET, disp7SegMapTable[digit]);
                                                                     ^~~~~~~~~~~~~~~~
../src/helloworld.c:65:15: warning: variable 'digit' set but not used [-Wunused-but-set-variable]
  unsigned int digit;
               ^~~~~
../src/helloworld.c: In function 'PushButIntCallbackHandler':
../src/helloworld.c:92:2: error: 'userCount' undeclared (first use in this function)
  userCount = 0;
  ^~~~~~~~~
../src/helloworld.c:96:17: error: 'XPAR_AXI_GPIO_PUSH_BUT_BASEADDR' undeclared (first use in this function)
  XGpio_WriteReg(XPAR_AXI_GPIO_PUSH_BUT_BASEADDR, XGPIO_ISR_OFFSET, XGPIO_IR_CH1_MASK);
                 ^~~~~~~~~~~~~~~~~~~~~~~~~~~~~~~
../src/helloworld.c:96:50: error: 'XGPIO_ISR_OFFSET' undeclared (first use in this function)
  XGpio_WriteReg(XPAR_AXI_GPIO_PUSH_BUT_BASEADDR, XGPIO_ISR_OFFSET, XGPIO_IR_CH1_MASK);
                                                  ^~~~~~~~~~~~~~~~
../src/helloworld.c:96:68: error: 'XGPIO_IR_CH1_MASK' undeclared (first use in this function)
  XGpio_WriteReg(XPAR_AXI_GPIO_PUSH_BUT_BASEADDR, XGPIO_ISR_OFFSET, XGPIO_IR_CH1_MASK);
                                                                    ^~~~~~~~~~~~~~~~~
../src/helloworld.c: In function 'SetupInterrupts':
../src/helloworld.c:105:2: warning: implicit declaration of function 'XIntc_RegisterHandler' [-Wimplicit-function-declaration]
  XIntc_RegisterHandler(IntcBaseAddress, FIT_TIMER_0_INT_ID,
  ^~~~~~~~~~~~~~~~~~~~~
../src/helloworld.c:105:41: error: 'FIT_TIMER_0_INT_ID' undeclared (first use in this function)
  XIntc_RegisterHandler(IntcBaseAddress, FIT_TIMER_0_INT_ID,
                                         ^~~~~~~~~~~~~~~~~~
../src/helloworld.c:111:17: error: 'XPAR_AXI_GPIO_PUSH_BUT_BASEADDR' undeclared (first use in this function)
  XGpio_WriteReg(XPAR_AXI_GPIO_PUSH_BUT_BASEADDR, XGPIO_IER_OFFSET, XGPIO_IR_CH1_MASK);
                 ^~~~~~~~~~~~~~~~~~~~~~~~~~~~~~~
../src/helloworld.c:111:50: error: 'XGPIO_IER_OFFSET' undeclared (first use in this function)
  XGpio_WriteReg(XPAR_AXI_GPIO_PUSH_BUT_BASEADDR, XGPIO_IER_OFFSET, XGPIO_IR_CH1_MASK);
                                                  ^~~~~~~~~~~~~~~~
../src/helloworld.c:111:68: error: 'XGPIO_IR_CH1_MASK' undeclared (first use in this function)
  XGpio_WriteReg(XPAR_AXI_GPIO_PUSH_BUT_BASEADDR, XGPIO_IER_OFFSET, XGPIO_IR_CH1_MASK);
                                                                    ^~~~~~~~~~~~~~~~~
../src/helloworld.c:112:50: error: 'XGPIO_GIE_OFFSET' undeclared (first use in this function)
  XGpio_WriteReg(XPAR_AXI_GPIO_PUSH_BUT_BASEADDR, XGPIO_GIE_OFFSET, XGPIO_GIE_GINTR_ENABLE_MASK);
                                                  ^~~~~~~~~~~~~~~~
../src/helloworld.c:112:68: error: 'XGPIO_GIE_GINTR_ENABLE_MASK' undeclared (first use in this function)
  XGpio_WriteReg(XPAR_AXI_GPIO_PUSH_BUT_BASEADDR, XGPIO_GIE_OFFSET, XGPIO_GIE_GINTR_ENABLE_MASK);
                                                                    ^~~~~~~~~~~~~~~~~~~~~~~~~~~
../src/helloworld.c:118:41: error: 'PUSH_BUT_INT_ID' undeclared (first use in this function)
  XIntc_RegisterHandler(IntcBaseAddress, PUSH_BUT_INT_ID,
                                         ^~~~~~~~~~~~~~~
../src/helloworld.c:125:2: warning: implicit declaration of function 'XIntc_EnableIntr' [-Wimplicit-function-declaration]
  XIntc_EnableIntr(IntcBaseAddress, FIT_TIMER_0_INT_MASK | PUSH_BUT_INT_MASK);
  ^~~~~~~~~~~~~~~~
../src/helloworld.c:125:36: error: 'FIT_TIMER_0_INT_MASK' undeclared (first use in this function)
  XIntc_EnableIntr(IntcBaseAddress, FIT_TIMER_0_INT_MASK | PUSH_BUT_INT_MASK);
                                    ^~~~~~~~~~~~~~~~~~~~
../src/helloworld.c:125:59: error: 'PUSH_BUT_INT_MASK' undeclared (first use in this function)
  XIntc_EnableIntr(IntcBaseAddress, FIT_TIMER_0_INT_MASK | PUSH_BUT_INT_MASK);
                                                           ^~~~~~~~~~~~~~~~~
../src/helloworld.c:130:2: warning: implicit declaration of function 'XIntc_Out32' [-Wimplicit-function-declaration]
  XIntc_Out32(IntcBaseAddress + XIN_MER_OFFSET, XIN_INT_HARDWARE_ENABLE_MASK |
  ^~~~~~~~~~~
../src/helloworld.c:130:32: error: 'XIN_MER_OFFSET' undeclared (first use in this function)
  XIntc_Out32(IntcBaseAddress + XIN_MER_OFFSET, XIN_INT_HARDWARE_ENABLE_MASK |
                                ^~~~~~~~~~~~~~
../src/helloworld.c:130:48: error: 'XIN_INT_HARDWARE_ENABLE_MASK' undeclared (first use in this function)
  XIntc_Out32(IntcBaseAddress + XIN_MER_OFFSET, XIN_INT_HARDWARE_ENABLE_MASK |
                                                ^~~~~~~~~~~~~~~~~~~~~~~~~~~~
../src/helloworld.c:131:15: error: 'XIN_INT_MASTER_ENABLE_MASK' undeclared (first use in this function)
               XIN_INT_MASTER_ENABLE_MASK);
               ^~~~~~~~~~~~~~~~~~~~~~~~~~
../src/helloworld.c:137:2: warning: implicit declaration of function 'Xil_ExceptionInit' [-Wimplicit-function-declaration]
  Xil_ExceptionInit();
  ^~~~~~~~~~~~~~~~~
../src/helloworld.c:142:2: warning: implicit declaration of function 'Xil_ExceptionRegisterHandler' [-Wimplicit-function-declaration]
  Xil_ExceptionRegisterHandler(XIL_EXCEPTION_ID_INT,
  ^~~~~~~~~~~~~~~~~~~~~~~~~~~~
../src/helloworld.c:142:31: error: 'XIL_EXCEPTION_ID_INT' undeclared (first use in this function)
  Xil_ExceptionRegisterHandler(XIL_EXCEPTION_ID_INT,
                               ^~~~~~~~~~~~~~~~~~~~
../src/helloworld.c:143:11: error: 'Xil_ExceptionHandler' undeclared (first use in this function)
          (Xil_ExceptionHandler)XIntc_DeviceInterruptHandler,
           ^~~~~~~~~~~~~~~~~~~~
../src/helloworld.c:143:32: error: expected ')' before 'XIntc_DeviceInterruptHandler'
          (Xil_ExceptionHandler)XIntc_DeviceInterruptHandler,
                                ^~~~~~~~~~~~~~~~~~~~~~~~~~~~
../src/helloworld.c:149:2: warning: implicit declaration of function 'Xil_ExceptionEnable' [-Wimplicit-function-declaration]
  Xil_ExceptionEnable();
  ^~~~~~~~~~~~~~~~~~~
../src/helloworld.c:151:9: error: 'XST_SUCCESS' undeclared (first use in this function)
  return XST_SUCCESS;
         ^~~~~~~~~~~
../src/helloworld.c: In function 'main':
../src/helloworld.c:166:20: error: 'XPAR_AXI_GPIO_LED_BASEADDR' undeclared (first use in this function)
     XGpio_WriteReg(XPAR_AXI_GPIO_LED_BASEADDR, XGPIO_TRI_OFFSET, 0);
                    ^~~~~~~~~~~~~~~~~~~~~~~~~~
../src/helloworld.c:166:48: error: 'XGPIO_TRI_OFFSET' undeclared (first use in this function)
     XGpio_WriteReg(XPAR_AXI_GPIO_LED_BASEADDR, XGPIO_TRI_OFFSET, 0);
                                                ^~~~~~~~~~~~~~~~
../src/helloworld.c:167:20: error: 'XPAR_AXI_GPIO_DISP_SEG_BASEADDR' undeclared (first use in this function)
     XGpio_WriteReg(XPAR_AXI_GPIO_DISP_SEG_BASEADDR, XGPIO_TRI_OFFSET, 0);
                    ^~~~~~~~~~~~~~~~~~~~~~~~~~~~~~~
../src/helloworld.c:168:20: error: 'XPAR_AXI_GPIO_DISP_AN_BASEADDR' undeclared (first use in this function)
     XGpio_WriteReg(XPAR_AXI_GPIO_DISP_AN_BASEADDR, XGPIO_TRI_OFFSET, 0);
                    ^~~~~~~~~~~~~~~~~~~~~~~~~~~~~~
../src/helloworld.c:174:27: error: 'INTC_BASEADDR' undeclared (first use in this function)
  status = SetupInterrupts(INTC_BASEADDR);
                           ^~~~~~~~~~~~~
../src/helloworld.c:175:16: error: 'XST_SUCCESS' undeclared (first use in this function)
  if (status != XST_SUCCESS) {
                ^~~~~~~~~~~
../src/helloworld.c:178:10: error: 'XST_FAILURE' undeclared (first use in this function)
   return XST_FAILURE;
          ^~~~~~~~~~~
../src/helloworld.c:190:49: error: 'XGPIO_DATA_OFFSET' undeclared (first use in this function)
      XGpio_WriteReg(XPAR_AXI_GPIO_LED_BASEADDR, XGPIO_DATA_OFFSET,
                                                 ^~~~~~~~~~~~~~~~~
../src/helloworld.c:191:15: warning: implicit declaration of function 'XGpio_ReadReg' [-Wimplicit-function-declaration]
               XGpio_ReadReg(XPAR_AXI_GPIO_SW_BASEADDR, XGPIO_DATA_OFFSET));
               ^~~~~~~~~~~~~
../src/helloworld.c:191:29: error: 'XPAR_AXI_GPIO_SW_BASEADDR' undeclared (first use in this function)
               XGpio_ReadReg(XPAR_AXI_GPIO_SW_BASEADDR, XGPIO_DATA_OFFSET));
                             ^~~~~~~~~~~~~~~~~~~~~~~~~
../src/helloworld.c: In function 'SetupInterrupts':
../src/helloworld.c:152:1: warning: control reaches end of non-void function [-Wreturn-type]
 }
 ^
src/subdir.mk:24: recipe for target 'src/helloworld.o' failed
make: *** [src/helloworld.o] Error 1
01:18:44 **** Auto Build of configuration Debug for project sha256 ****
make all 
Building file: ../src/helloworld.c
Invoking: MicroBlaze gcc compiler
mb-gcc -Wall -O0 -g3 -c -fmessage-length=0 -MT"src/helloworld.o" -I../../sha256_bsp/microblaze_0/include -mlittle-endian -mcpu=v10.0 -mxl-soft-mul -Wl,--no-relax -ffunction-sections -fdata-sections -MMD -MP -MF"src/helloworld.d" -MT"src/helloworld.o" -o "src/helloworld.o" "../src/helloworld.c"
../src/helloworld.c: In function 'PushButIntCallbackHandler':
../src/helloworld.c:71:2: error: 'userCount' undeclared (first use in this function)
  userCount = 0;
  ^~~~~~~~~
../src/helloworld.c:71:2: note: each undeclared identifier is reported only once for each function it appears in
In file included from ../src/helloworld.c:56:0:
../src/helloworld.c:75:17: error: 'XPAR_AXI_GPIO_PUSH_BUT_BASEADDR' undeclared (first use in this function)
  XGpio_WriteReg(XPAR_AXI_GPIO_PUSH_BUT_BASEADDR, XGPIO_ISR_OFFSET, XGPIO_IR_CH1_MASK);
                 ^
../../sha256_bsp/microblaze_0/include/xgpio_l.h:162:15: note: in definition of macro 'XGpio_WriteReg'
  XGpio_Out32((BaseAddress) + (RegOffset), (u32)(Data))
               ^~~~~~~~~~~
../src/helloworld.c: In function 'SetupInterrupts':
../src/helloworld.c:63:29: error: 'XPAR_AXI_INTC_0_FIT_TIMER_0_INTERRUPT_INTR' undeclared (first use in this function)
 #define FIT_TIMER_0_INT_ID  XPAR_AXI_INTC_0_FIT_TIMER_0_INTERRUPT_INTR
                             ^
../src/helloworld.c:63:29: note: in definition of macro 'FIT_TIMER_0_INT_ID'
 #define FIT_TIMER_0_INT_ID  XPAR_AXI_INTC_0_FIT_TIMER_0_INTERRUPT_INTR
                             ^~~~~~~~~~~~~~~~~~~~~~~~~~~~~~~~~~~~~~~~~~
../src/helloworld.c:85:28: error: 'TimerIntCallbackHandler' undeclared (first use in this function)
         (XInterruptHandler)TimerIntCallbackHandler, (void *)0);
                            ^~~~~~~~~~~~~~~~~~~~~~~
In file included from ../src/helloworld.c:56:0:
../src/helloworld.c:90:17: error: 'XPAR_AXI_GPIO_PUSH_BUT_BASEADDR' undeclared (first use in this function)
  XGpio_WriteReg(XPAR_AXI_GPIO_PUSH_BUT_BASEADDR, XGPIO_IER_OFFSET, XGPIO_IR_CH1_MASK);
                 ^
../../sha256_bsp/microblaze_0/include/xgpio_l.h:162:15: note: in definition of macro 'XGpio_WriteReg'
  XGpio_Out32((BaseAddress) + (RegOffset), (u32)(Data))
               ^~~~~~~~~~~
../src/helloworld.c:65:27: error: 'XPAR_AXI_INTC_0_AXI_GPIO_PUSH_BUT_IP2INTC_IRPT_INTR' undeclared (first use in this function)
 #define PUSH_BUT_INT_ID   XPAR_AXI_INTC_0_AXI_GPIO_PUSH_BUT_IP2INTC_IRPT_INTR
                           ^
../src/helloworld.c:65:27: note: in definition of macro 'PUSH_BUT_INT_ID'
 #define PUSH_BUT_INT_ID   XPAR_AXI_INTC_0_AXI_GPIO_PUSH_BUT_IP2INTC_IRPT_INTR
                           ^~~~~~~~~~~~~~~~~~~~~~~~~~~~~~~~~~~~~~~~~~~~~~~~~~~
In file included from ../src/helloworld.c:57:0:
../src/helloworld.c:64:30: error: 'XPAR_FIT_TIMER_0_INTERRUPT_MASK' undeclared (first use in this function)
 #define FIT_TIMER_0_INT_MASK XPAR_FIT_TIMER_0_INTERRUPT_MASK
                              ^
../../sha256_bsp/microblaze_0/include/xintc_l.h:243:47: note: in definition of macro 'XIntc_EnableIntr'
  XIntc_Out32((BaseAddress) + XIN_IER_OFFSET, (EnableMask))
                                               ^~~~~~~~~~
../src/helloworld.c:104:36: note: in expansion of macro 'FIT_TIMER_0_INT_MASK'
  XIntc_EnableIntr(IntcBaseAddress, FIT_TIMER_0_INT_MASK | PUSH_BUT_INT_MASK);
                                    ^~~~~~~~~~~~~~~~~~~~
../src/helloworld.c:66:28: error: 'XPAR_AXI_GPIO_PUSH_BUT_IP2INTC_IRPT_MASK' undeclared (first use in this function)
 #define PUSH_BUT_INT_MASK  XPAR_AXI_GPIO_PUSH_BUT_IP2INTC_IRPT_MASK
                            ^
../../sha256_bsp/microblaze_0/include/xintc_l.h:243:47: note: in definition of macro 'XIntc_EnableIntr'
  XIntc_Out32((BaseAddress) + XIN_IER_OFFSET, (EnableMask))
                                               ^~~~~~~~~~
../src/helloworld.c:104:59: note: in expansion of macro 'PUSH_BUT_INT_MASK'
  XIntc_EnableIntr(IntcBaseAddress, FIT_TIMER_0_INT_MASK | PUSH_BUT_INT_MASK);
                                                           ^~~~~~~~~~~~~~~~~
In file included from ../src/helloworld.c:56:0:
../src/helloworld.c: In function 'main':
../src/helloworld.c:145:20: error: 'XPAR_AXI_GPIO_LED_BASEADDR' undeclared (first use in this function)
     XGpio_WriteReg(XPAR_AXI_GPIO_LED_BASEADDR, XGPIO_TRI_OFFSET, 0);
                    ^
../../sha256_bsp/microblaze_0/include/xgpio_l.h:162:15: note: in definition of macro 'XGpio_WriteReg'
  XGpio_Out32((BaseAddress) + (RegOffset), (u32)(Data))
               ^~~~~~~~~~~
../src/helloworld.c:146:20: error: 'XPAR_AXI_GPIO_DISP_SEG_BASEADDR' undeclared (first use in this function)
     XGpio_WriteReg(XPAR_AXI_GPIO_DISP_SEG_BASEADDR, XGPIO_TRI_OFFSET, 0);
                    ^
../../sha256_bsp/microblaze_0/include/xgpio_l.h:162:15: note: in definition of macro 'XGpio_WriteReg'
  XGpio_Out32((BaseAddress) + (RegOffset), (u32)(Data))
               ^~~~~~~~~~~
../src/helloworld.c:147:20: error: 'XPAR_AXI_GPIO_DISP_AN_BASEADDR' undeclared (first use in this function)
     XGpio_WriteReg(XPAR_AXI_GPIO_DISP_AN_BASEADDR, XGPIO_TRI_OFFSET, 0);
                    ^
../../sha256_bsp/microblaze_0/include/xgpio_l.h:162:15: note: in definition of macro 'XGpio_WriteReg'
  XGpio_Out32((BaseAddress) + (RegOffset), (u32)(Data))
               ^~~~~~~~~~~
../src/helloworld.c:170:29: error: 'XPAR_AXI_GPIO_SW_BASEADDR' undeclared (first use in this function)
               XGpio_ReadReg(XPAR_AXI_GPIO_SW_BASEADDR, XGPIO_DATA_OFFSET));
                             ^
../../sha256_bsp/microblaze_0/include/xgpio_l.h:162:49: note: in definition of macro 'XGpio_WriteReg'
  XGpio_Out32((BaseAddress) + (RegOffset), (u32)(Data))
                                                 ^~~~
../src/helloworld.c:170:15: note: in expansion of macro 'XGpio_ReadReg'
               XGpio_ReadReg(XPAR_AXI_GPIO_SW_BASEADDR, XGPIO_DATA_OFFSET));
               ^~~~~~~~~~~~~
src/subdir.mk:24: recipe for target 'src/helloworld.o' failed
make: *** [src/helloworld.o] Error 1
01:18:59 **** Auto Build of configuration Debug for project sha256 ****
make all 
Building file: ../src/helloworld.c
Invoking: MicroBlaze gcc compiler
mb-gcc -Wall -O0 -g3 -c -fmessage-length=0 -MT"src/helloworld.o" -I../../sha256_bsp/microblaze_0/include -mlittle-endian -mcpu=v10.0 -mxl-soft-mul -Wl,--no-relax -ffunction-sections -fdata-sections -MMD -MP -MF"src/helloworld.d" -MT"src/helloworld.o" -o "src/helloworld.o" "../src/helloworld.c"
../src/helloworld.c: In function 'PushButIntCallbackHandler':
../src/helloworld.c:65:2: error: 'userCount' undeclared (first use in this function)
  userCount = 0;
  ^~~~~~~~~
../src/helloworld.c:65:2: note: each undeclared identifier is reported only once for each function it appears in
In file included from ../src/helloworld.c:53:0:
../src/helloworld.c:69:17: error: 'XPAR_AXI_GPIO_PUSH_BUT_BASEADDR' undeclared (first use in this function)
  XGpio_WriteReg(XPAR_AXI_GPIO_PUSH_BUT_BASEADDR, XGPIO_ISR_OFFSET, XGPIO_IR_CH1_MASK);
                 ^
../../sha256_bsp/microblaze_0/include/xgpio_l.h:162:15: note: in definition of macro 'XGpio_WriteReg'
  XGpio_Out32((BaseAddress) + (RegOffset), (u32)(Data))
               ^~~~~~~~~~~
../src/helloworld.c: In function 'SetupInterrupts':
../src/helloworld.c:78:41: error: 'FIT_TIMER_0_INT_ID' undeclared (first use in this function)
  XIntc_RegisterHandler(IntcBaseAddress, FIT_TIMER_0_INT_ID,
                                         ^~~~~~~~~~~~~~~~~~
../src/helloworld.c:79:28: error: 'TimerIntCallbackHandler' undeclared (first use in this function)
         (XInterruptHandler)TimerIntCallbackHandler, (void *)0);
                            ^~~~~~~~~~~~~~~~~~~~~~~
In file included from ../src/helloworld.c:53:0:
../src/helloworld.c:84:17: error: 'XPAR_AXI_GPIO_PUSH_BUT_BASEADDR' undeclared (first use in this function)
  XGpio_WriteReg(XPAR_AXI_GPIO_PUSH_BUT_BASEADDR, XGPIO_IER_OFFSET, XGPIO_IR_CH1_MASK);
                 ^
../../sha256_bsp/microblaze_0/include/xgpio_l.h:162:15: note: in definition of macro 'XGpio_WriteReg'
  XGpio_Out32((BaseAddress) + (RegOffset), (u32)(Data))
               ^~~~~~~~~~~
../src/helloworld.c:91:41: error: 'PUSH_BUT_INT_ID' undeclared (first use in this function)
  XIntc_RegisterHandler(IntcBaseAddress, PUSH_BUT_INT_ID,
                                         ^~~~~~~~~~~~~~~
In file included from ../src/helloworld.c:54:0:
../src/helloworld.c:98:36: error: 'FIT_TIMER_0_INT_MASK' undeclared (first use in this function)
  XIntc_EnableIntr(IntcBaseAddress, FIT_TIMER_0_INT_MASK | PUSH_BUT_INT_MASK);
                                    ^
../../sha256_bsp/microblaze_0/include/xintc_l.h:243:47: note: in definition of macro 'XIntc_EnableIntr'
  XIntc_Out32((BaseAddress) + XIN_IER_OFFSET, (EnableMask))
                                               ^~~~~~~~~~
../src/helloworld.c:98:59: error: 'PUSH_BUT_INT_MASK' undeclared (first use in this function)
  XIntc_EnableIntr(IntcBaseAddress, FIT_TIMER_0_INT_MASK | PUSH_BUT_INT_MASK);
                                                           ^
../../sha256_bsp/microblaze_0/include/xintc_l.h:243:47: note: in definition of macro 'XIntc_EnableIntr'
  XIntc_Out32((BaseAddress) + XIN_IER_OFFSET, (EnableMask))
                                               ^~~~~~~~~~
In file included from ../src/helloworld.c:53:0:
../src/helloworld.c: In function 'main':
../src/helloworld.c:139:20: error: 'XPAR_AXI_GPIO_LED_BASEADDR' undeclared (first use in this function)
     XGpio_WriteReg(XPAR_AXI_GPIO_LED_BASEADDR, XGPIO_TRI_OFFSET, 0);
                    ^
../../sha256_bsp/microblaze_0/include/xgpio_l.h:162:15: note: in definition of macro 'XGpio_WriteReg'
  XGpio_Out32((BaseAddress) + (RegOffset), (u32)(Data))
               ^~~~~~~~~~~
../src/helloworld.c:140:20: error: 'XPAR_AXI_GPIO_DISP_SEG_BASEADDR' undeclared (first use in this function)
     XGpio_WriteReg(XPAR_AXI_GPIO_DISP_SEG_BASEADDR, XGPIO_TRI_OFFSET, 0);
                    ^
../../sha256_bsp/microblaze_0/include/xgpio_l.h:162:15: note: in definition of macro 'XGpio_WriteReg'
  XGpio_Out32((BaseAddress) + (RegOffset), (u32)(Data))
               ^~~~~~~~~~~
../src/helloworld.c:141:20: error: 'XPAR_AXI_GPIO_DISP_AN_BASEADDR' undeclared (first use in this function)
     XGpio_WriteReg(XPAR_AXI_GPIO_DISP_AN_BASEADDR, XGPIO_TRI_OFFSET, 0);
                    ^
../../sha256_bsp/microblaze_0/include/xgpio_l.h:162:15: note: in definition of macro 'XGpio_WriteReg'
  XGpio_Out32((BaseAddress) + (RegOffset), (u32)(Data))
               ^~~~~~~~~~~
../src/helloworld.c:164:29: error: 'XPAR_AXI_GPIO_SW_BASEADDR' undeclared (first use in this function)
               XGpio_ReadReg(XPAR_AXI_GPIO_SW_BASEADDR, XGPIO_DATA_OFFSET));
                             ^
../../sha256_bsp/microblaze_0/include/xgpio_l.h:162:49: note: in definition of macro 'XGpio_WriteReg'
  XGpio_Out32((BaseAddress) + (RegOffset), (u32)(Data))
                                                 ^~~~
../src/helloworld.c:164:15: note: in expansion of macro 'XGpio_ReadReg'
               XGpio_ReadReg(XPAR_AXI_GPIO_SW_BASEADDR, XGPIO_DATA_OFFSET));
               ^~~~~~~~~~~~~
src/subdir.mk:24: recipe for target 'src/helloworld.o' failed
make: *** [src/helloworld.o] Error 1
01:21:24 **** Auto Build of configuration Debug for project sha256 ****
make all 
Building file: ../src/helloworld.c
Invoking: MicroBlaze gcc compiler
mb-gcc -Wall -O0 -g3 -c -fmessage-length=0 -MT"src/helloworld.o" -I../../sha256_bsp/microblaze_0/include -mlittle-endian -mcpu=v10.0 -mxl-soft-mul -Wl,--no-relax -ffunction-sections -fdata-sections -MMD -MP -MF"src/helloworld.d" -MT"src/helloworld.o" -o "src/helloworld.o" "../src/helloworld.c"
../src/helloworld.c: In function 'HashSolvedCallBack':
../src/helloworld.c:65:2: error: 'userCount' undeclared (first use in this function)
  userCount = 0;
  ^~~~~~~~~
../src/helloworld.c:65:2: note: each undeclared identifier is reported only once for each function it appears in
In file included from ../src/helloworld.c:53:0:
../src/helloworld.c:69:17: error: 'XPAR_AXI_GPIO_PUSH_BUT_BASEADDR' undeclared (first use in this function)
  XGpio_WriteReg(XPAR_AXI_GPIO_PUSH_BUT_BASEADDR, XGPIO_ISR_OFFSET, XGPIO_IR_CH1_MASK);
                 ^
../../sha256_bsp/microblaze_0/include/xgpio_l.h:162:15: note: in definition of macro 'XGpio_WriteReg'
  XGpio_Out32((BaseAddress) + (RegOffset), (u32)(Data))
               ^~~~~~~~~~~
../src/helloworld.c: In function 'SetupInterrupts':
../src/helloworld.c:78:41: error: 'FIT_TIMER_0_INT_ID' undeclared (first use in this function)
  XIntc_RegisterHandler(IntcBaseAddress, FIT_TIMER_0_INT_ID,
                                         ^~~~~~~~~~~~~~~~~~
In file included from ../src/helloworld.c:53:0:
../src/helloworld.c:84:17: error: 'XPAR_AXI_GPIO_PUSH_BUT_BASEADDR' undeclared (first use in this function)
  XGpio_WriteReg(XPAR_AXI_GPIO_PUSH_BUT_BASEADDR, XGPIO_IER_OFFSET, XGPIO_IR_CH1_MASK);
                 ^
../../sha256_bsp/microblaze_0/include/xgpio_l.h:162:15: note: in definition of macro 'XGpio_WriteReg'
  XGpio_Out32((BaseAddress) + (RegOffset), (u32)(Data))
               ^~~~~~~~~~~
../src/helloworld.c:91:41: error: 'PUSH_BUT_INT_ID' undeclared (first use in this function)
  XIntc_RegisterHandler(IntcBaseAddress, PUSH_BUT_INT_ID,
                                         ^~~~~~~~~~~~~~~
../src/helloworld.c:92:28: error: 'PushButIntCallbackHandler' undeclared (first use in this function)
         (XInterruptHandler)PushButIntCallbackHandler, (void *)0);
                            ^~~~~~~~~~~~~~~~~~~~~~~~~
In file included from ../src/helloworld.c:54:0:
../src/helloworld.c:98:36: error: 'FIT_TIMER_0_INT_MASK' undeclared (first use in this function)
  XIntc_EnableIntr(IntcBaseAddress, FIT_TIMER_0_INT_MASK | PUSH_BUT_INT_MASK);
                                    ^
../../sha256_bsp/microblaze_0/include/xintc_l.h:243:47: note: in definition of macro 'XIntc_EnableIntr'
  XIntc_Out32((BaseAddress) + XIN_IER_OFFSET, (EnableMask))
                                               ^~~~~~~~~~
../src/helloworld.c:98:59: error: 'PUSH_BUT_INT_MASK' undeclared (first use in this function)
  XIntc_EnableIntr(IntcBaseAddress, FIT_TIMER_0_INT_MASK | PUSH_BUT_INT_MASK);
                                                           ^
../../sha256_bsp/microblaze_0/include/xintc_l.h:243:47: note: in definition of macro 'XIntc_EnableIntr'
  XIntc_Out32((BaseAddress) + XIN_IER_OFFSET, (EnableMask))
                                               ^~~~~~~~~~
In file included from ../src/helloworld.c:53:0:
../src/helloworld.c: In function 'main':
../src/helloworld.c:139:20: error: 'XPAR_AXI_GPIO_LED_BASEADDR' undeclared (first use in this function)
     XGpio_WriteReg(XPAR_AXI_GPIO_LED_BASEADDR, XGPIO_TRI_OFFSET, 0);
                    ^
../../sha256_bsp/microblaze_0/include/xgpio_l.h:162:15: note: in definition of macro 'XGpio_WriteReg'
  XGpio_Out32((BaseAddress) + (RegOffset), (u32)(Data))
               ^~~~~~~~~~~
../src/helloworld.c:140:20: error: 'XPAR_AXI_GPIO_DISP_SEG_BASEADDR' undeclared (first use in this function)
     XGpio_WriteReg(XPAR_AXI_GPIO_DISP_SEG_BASEADDR, XGPIO_TRI_OFFSET, 0);
                    ^
../../sha256_bsp/microblaze_0/include/xgpio_l.h:162:15: note: in definition of macro 'XGpio_WriteReg'
  XGpio_Out32((BaseAddress) + (RegOffset), (u32)(Data))
               ^~~~~~~~~~~
../src/helloworld.c:141:20: error: 'XPAR_AXI_GPIO_DISP_AN_BASEADDR' undeclared (first use in this function)
     XGpio_WriteReg(XPAR_AXI_GPIO_DISP_AN_BASEADDR, XGPIO_TRI_OFFSET, 0);
                    ^
../../sha256_bsp/microblaze_0/include/xgpio_l.h:162:15: note: in definition of macro 'XGpio_WriteReg'
  XGpio_Out32((BaseAddress) + (RegOffset), (u32)(Data))
               ^~~~~~~~~~~
../src/helloworld.c:164:29: error: 'XPAR_AXI_GPIO_SW_BASEADDR' undeclared (first use in this function)
               XGpio_ReadReg(XPAR_AXI_GPIO_SW_BASEADDR, XGPIO_DATA_OFFSET));
                             ^
../../sha256_bsp/microblaze_0/include/xgpio_l.h:162:49: note: in definition of macro 'XGpio_WriteReg'
  XGpio_Out32((BaseAddress) + (RegOffset), (u32)(Data))
                                                 ^~~~
../src/helloworld.c:164:15: note: in expansion of macro 'XGpio_ReadReg'
               XGpio_ReadReg(XPAR_AXI_GPIO_SW_BASEADDR, XGPIO_DATA_OFFSET));
               ^~~~~~~~~~~~~
src/subdir.mk:24: recipe for target 'src/helloworld.o' failed
make: *** [src/helloworld.o] Error 1
01:22:44 **** Auto Build of configuration Debug for project sha256 ****
make all 
Building file: ../src/helloworld.c
Invoking: MicroBlaze gcc compiler
mb-gcc -Wall -O0 -g3 -c -fmessage-length=0 -MT"src/helloworld.o" -I../../sha256_bsp/microblaze_0/include -mlittle-endian -mcpu=v10.0 -mxl-soft-mul -Wl,--no-relax -ffunction-sections -fdata-sections -MMD -MP -MF"src/helloworld.d" -MT"src/helloworld.o" -o "src/helloworld.o" "../src/helloworld.c"
../src/helloworld.c:54:1: error: expected identifier or '(' before numeric constant
 00
 ^~
../src/helloworld.c: In function 'PushButIntCallbackHandler':
../src/helloworld.c:72:2: error: 'userCount' undeclared (first use in this function)
  userCount = 0;
  ^~~~~~~~~
../src/helloworld.c:72:2: note: each undeclared identifier is reported only once for each function it appears in
In file included from ../src/helloworld.c:56:0:
../src/helloworld.c:76:17: error: 'XPAR_AXI_GPIO_PUSH_BUT_BASEADDR' undeclared (first use in this function)
  XGpio_WriteReg(XPAR_AXI_GPIO_PUSH_BUT_BASEADDR, XGPIO_ISR_OFFSET, XGPIO_IR_CH1_MASK);
                 ^
../../sha256_bsp/microblaze_0/include/xgpio_l.h:162:15: note: in definition of macro 'XGpio_WriteReg'
  XGpio_Out32((BaseAddress) + (RegOffset), (u32)(Data))
               ^~~~~~~~~~~
../src/helloworld.c: In function 'SetupInterrupts':
../src/helloworld.c:85:41: error: 'FIT_TIMER_0_INT_ID' undeclared (first use in this function)
  XIntc_RegisterHandler(IntcBaseAddress, FIT_TIMER_0_INT_ID,
                                         ^~~~~~~~~~~~~~~~~~
../src/helloworld.c:86:28: error: 'TimerIntCallbackHandler' undeclared (first use in this function)
         (XInterruptHandler)TimerIntCallbackHandler, (void *)0);
                            ^~~~~~~~~~~~~~~~~~~~~~~
In file included from ../src/helloworld.c:56:0:
../src/helloworld.c:91:17: error: 'XPAR_AXI_GPIO_PUSH_BUT_BASEADDR' undeclared (first use in this function)
  XGpio_WriteReg(XPAR_AXI_GPIO_PUSH_BUT_BASEADDR, XGPIO_IER_OFFSET, XGPIO_IR_CH1_MASK);
                 ^
../../sha256_bsp/microblaze_0/include/xgpio_l.h:162:15: note: in definition of macro 'XGpio_WriteReg'
  XGpio_Out32((BaseAddress) + (RegOffset), (u32)(Data))
               ^~~~~~~~~~~
../src/helloworld.c:98:41: error: 'PUSH_BUT_INT_ID' undeclared (first use in this function)
  XIntc_RegisterHandler(IntcBaseAddress, PUSH_BUT_INT_ID,
                                         ^~~~~~~~~~~~~~~
In file included from ../src/helloworld.c:57:0:
../src/helloworld.c:105:36: error: 'FIT_TIMER_0_INT_MASK' undeclared (first use in this function)
  XIntc_EnableIntr(IntcBaseAddress, FIT_TIMER_0_INT_MASK | PUSH_BUT_INT_MASK);
                                    ^
../../sha256_bsp/microblaze_0/include/xintc_l.h:243:47: note: in definition of macro 'XIntc_EnableIntr'
  XIntc_Out32((BaseAddress) + XIN_IER_OFFSET, (EnableMask))
                                               ^~~~~~~~~~
../src/helloworld.c:105:59: error: 'PUSH_BUT_INT_MASK' undeclared (first use in this function)
  XIntc_EnableIntr(IntcBaseAddress, FIT_TIMER_0_INT_MASK | PUSH_BUT_INT_MASK);
                                                           ^
../../sha256_bsp/microblaze_0/include/xintc_l.h:243:47: note: in definition of macro 'XIntc_EnableIntr'
  XIntc_Out32((BaseAddress) + XIN_IER_OFFSET, (EnableMask))
                                               ^~~~~~~~~~
In file included from ../src/helloworld.c:56:0:
../src/helloworld.c: In function 'main':
../src/helloworld.c:146:20: error: 'XPAR_AXI_GPIO_LED_BASEADDR' undeclared (first use in this function)
     XGpio_WriteReg(XPAR_AXI_GPIO_LED_BASEADDR, XGPIO_TRI_OFFSET, 0);
                    ^
../../sha256_bsp/microblaze_0/include/xgpio_l.h:162:15: note: in definition of macro 'XGpio_WriteReg'
  XGpio_Out32((BaseAddress) + (RegOffset), (u32)(Data))
               ^~~~~~~~~~~
../src/helloworld.c:147:20: error: 'XPAR_AXI_GPIO_DISP_SEG_BASEADDR' undeclared (first use in this function)
     XGpio_WriteReg(XPAR_AXI_GPIO_DISP_SEG_BASEADDR, XGPIO_TRI_OFFSET, 0);
                    ^
../../sha256_bsp/microblaze_0/include/xgpio_l.h:162:15: note: in definition of macro 'XGpio_WriteReg'
  XGpio_Out32((BaseAddress) + (RegOffset), (u32)(Data))
               ^~~~~~~~~~~
../src/helloworld.c:148:20: error: 'XPAR_AXI_GPIO_DISP_AN_BASEADDR' undeclared (first use in this function)
     XGpio_WriteReg(XPAR_AXI_GPIO_DISP_AN_BASEADDR, XGPIO_TRI_OFFSET, 0);
                    ^
../../sha256_bsp/microblaze_0/include/xgpio_l.h:162:15: note: in definition of macro 'XGpio_WriteReg'
  XGpio_Out32((BaseAddress) + (RegOffset), (u32)(Data))
               ^~~~~~~~~~~
../src/helloworld.c:171:29: error: 'XPAR_AXI_GPIO_SW_BASEADDR' undeclared (first use in this function)
               XGpio_ReadReg(XPAR_AXI_GPIO_SW_BASEADDR, XGPIO_DATA_OFFSET));
                             ^
../../sha256_bsp/microblaze_0/include/xgpio_l.h:162:49: note: in definition of macro 'XGpio_WriteReg'
  XGpio_Out32((BaseAddress) + (RegOffset), (u32)(Data))
                                                 ^~~~
../src/helloworld.c:171:15: note: in expansion of macro 'XGpio_ReadReg'
src/subdir.mk:24: recipe for target 'src/helloworld.o' failed
               XGpio_ReadReg(XPAR_AXI_GPIO_SW_BASEADDR, XGPIO_DATA_OFFSET));
               ^~~~~~~~~~~~~
make: *** [src/helloworld.o] Error 1
01:22:50 **** Auto Build of configuration Debug for project sha256 ****
make all 
Building file: ../src/helloworld.c
Invoking: MicroBlaze gcc compiler
mb-gcc -Wall -O0 -g3 -c -fmessage-length=0 -MT"src/helloworld.o" -I../../sha256_bsp/microblaze_0/include -mlittle-endian -mcpu=v10.0 -mxl-soft-mul -Wl,--no-relax -ffunction-sections -fdata-sections -MMD -MP -MF"src/helloworld.d" -MT"src/helloworld.o" -o "src/helloworld.o" "../src/helloworld.c"
../src/helloworld.c:54:1: error: expected identifier or '(' before numeric constant
 00
 ^~
../src/helloworld.c: In function 'PushButIntCallbackHandler':
../src/helloworld.c:73:2: error: 'userCount' undeclared (first use in this function)
  userCount = 0;
  ^~~~~~~~~
../src/helloworld.c:73:2: note: each undeclared identifier is reported only once for each function it appears in
In file included from ../src/helloworld.c:56:0:
../src/helloworld.c:77:17: error: 'XPAR_AXI_GPIO_PUSH_BUT_BASEADDR' undeclared (first use in this function)
  XGpio_WriteReg(XPAR_AXI_GPIO_PUSH_BUT_BASEADDR, XGPIO_ISR_OFFSET, XGPIO_IR_CH1_MASK);
                 ^
../../sha256_bsp/microblaze_0/include/xgpio_l.h:162:15: note: in definition of macro 'XGpio_WriteReg'
  XGpio_Out32((BaseAddress) + (RegOffset), (u32)(Data))
               ^~~~~~~~~~~
../src/helloworld.c: In function 'SetupInterrupts':
../src/helloworld.c:86:41: error: 'FIT_TIMER_0_INT_ID' undeclared (first use in this function)
  XIntc_RegisterHandler(IntcBaseAddress, FIT_TIMER_0_INT_ID,
                                         ^~~~~~~~~~~~~~~~~~
../src/helloworld.c:87:28: error: 'TimerIntCallbackHandler' undeclared (first use in this function)
         (XInterruptHandler)TimerIntCallbackHandler, (void *)0);
                            ^~~~~~~~~~~~~~~~~~~~~~~
In file included from ../src/helloworld.c:56:0:
../src/helloworld.c:92:17: error: 'XPAR_AXI_GPIO_PUSH_BUT_BASEADDR' undeclared (first use in this function)
  XGpio_WriteReg(XPAR_AXI_GPIO_PUSH_BUT_BASEADDR, XGPIO_IER_OFFSET, XGPIO_IR_CH1_MASK);
                 ^
../../sha256_bsp/microblaze_0/include/xgpio_l.h:162:15: note: in definition of macro 'XGpio_WriteReg'
  XGpio_Out32((BaseAddress) + (RegOffset), (u32)(Data))
               ^~~~~~~~~~~
../src/helloworld.c:99:41: error: 'PUSH_BUT_INT_ID' undeclared (first use in this function)
  XIntc_RegisterHandler(IntcBaseAddress, PUSH_BUT_INT_ID,
                                         ^~~~~~~~~~~~~~~
In file included from ../src/helloworld.c:57:0:
../src/helloworld.c:106:36: error: 'FIT_TIMER_0_INT_MASK' undeclared (first use in this function)
  XIntc_EnableIntr(IntcBaseAddress, FIT_TIMER_0_INT_MASK | PUSH_BUT_INT_MASK);
                                    ^
../../sha256_bsp/microblaze_0/include/xintc_l.h:243:47: note: in definition of macro 'XIntc_EnableIntr'
  XIntc_Out32((BaseAddress) + XIN_IER_OFFSET, (EnableMask))
                                               ^~~~~~~~~~
../src/helloworld.c:106:59: error: 'PUSH_BUT_INT_MASK' undeclared (first use in this function)
  XIntc_EnableIntr(IntcBaseAddress, FIT_TIMER_0_INT_MASK | PUSH_BUT_INT_MASK);
                                                           ^
../../sha256_bsp/microblaze_0/include/xintc_l.h:243:47: note: in definition of macro 'XIntc_EnableIntr'
  XIntc_Out32((BaseAddress) + XIN_IER_OFFSET, (EnableMask))
                                               ^~~~~~~~~~
In file included from ../src/helloworld.c:56:0:
../src/helloworld.c: In function 'main':
../src/helloworld.c:147:20: error: 'XPAR_AXI_GPIO_LED_BASEADDR' undeclared (first use in this function)
     XGpio_WriteReg(XPAR_AXI_GPIO_LED_BASEADDR, XGPIO_TRI_OFFSET, 0);
                    ^
../../sha256_bsp/microblaze_0/include/xgpio_l.h:162:15: note: in definition of macro 'XGpio_WriteReg'
  XGpio_Out32((BaseAddress) + (RegOffset), (u32)(Data))
               ^~~~~~~~~~~
../src/helloworld.c:148:20: error: 'XPAR_AXI_GPIO_DISP_SEG_BASEADDR' undeclared (first use in this function)
     XGpio_WriteReg(XPAR_AXI_GPIO_DISP_SEG_BASEADDR, XGPIO_TRI_OFFSET, 0);
                    ^
../../sha256_bsp/microblaze_0/include/xgpio_l.h:162:15: note: in definition of macro 'XGpio_WriteReg'
  XGpio_Out32((BaseAddress) + (RegOffset), (u32)(Data))
               ^~~~~~~~~~~
../src/helloworld.c:149:20: error: 'XPAR_AXI_GPIO_DISP_AN_BASEADDR' undeclared (first use in this function)
     XGpio_WriteReg(XPAR_AXI_GPIO_DISP_AN_BASEADDR, XGPIO_TRI_OFFSET, 0);
                    ^
../../sha256_bsp/microblaze_0/include/xgpio_l.h:162:15: note: in definition of macro 'XGpio_WriteReg'
  XGpio_Out32((BaseAddress) + (RegOffset), (u32)(Data))
               ^~~~~~~~~~~
../src/helloworld.c:172:29: error: 'XPAR_AXI_GPIO_SW_BASEADDR' undeclared (first use in this function)
               XGpio_ReadReg(XPAR_AXI_GPIO_SW_BASEADDR, XGPIO_DATA_OFFSET));
                             ^
../../sha256_bsp/microblaze_0/include/xgpio_l.h:162:49: note: in definition of macro 'XGpio_WriteReg'
  XGpio_Out32((BaseAddress) + (RegOffset), (u32)(Data))
                                                 ^~~~
../src/helloworld.c:172:15: note: in expansion of macro 'XGpio_ReadReg'
               XGpio_ReadReg(XPAR_AXI_GPIO_SW_BASEADDR, XGPIO_DATA_OFFSET));
               ^~~~~~~~~~~~~
src/subdir.mk:24: recipe for target 'src/helloworld.o' failed
make: *** [src/helloworld.o] Error 1
01:22:56 **** Auto Build of configuration Debug for project sha256 ****
make all 
Building file: ../src/helloworld.c
Invoking: MicroBlaze gcc compiler
mb-gcc -Wall -O0 -g3 -c -fmessage-length=0 -MT"src/helloworld.o" -I../../sha256_bsp/microblaze_0/include -mlittle-endian -mcpu=v10.0 -mxl-soft-mul -Wl,--no-relax -ffunction-sections -fdata-sections -MMD -MP -MF"src/helloworld.d" -MT"src/helloworld.o" -o "src/helloworld.o" "../src/helloworld.c"
../src/helloworld.c: In function 'PushButIntCallbackHandler':
../src/helloworld.c:70:2: error: 'userCount' undeclared (first use in this function)
  userCount = 0;
  ^~~~~~~~~
../src/helloworld.c:70:2: note: each undeclared identifier is reported only once for each function it appears in
In file included from ../src/helloworld.c:53:0:
../src/helloworld.c:74:17: error: 'XPAR_AXI_GPIO_PUSH_BUT_BASEADDR' undeclared (first use in this function)
  XGpio_WriteReg(XPAR_AXI_GPIO_PUSH_BUT_BASEADDR, XGPIO_ISR_OFFSET, XGPIO_IR_CH1_MASK);
                 ^
../../sha256_bsp/microblaze_0/include/xgpio_l.h:162:15: note: in definition of macro 'XGpio_WriteReg'
  XGpio_Out32((BaseAddress) + (RegOffset), (u32)(Data))
               ^~~~~~~~~~~
../src/helloworld.c: In function 'SetupInterrupts':
../src/helloworld.c:83:41: error: 'FIT_TIMER_0_INT_ID' undeclared (first use in this function)
  XIntc_RegisterHandler(IntcBaseAddress, FIT_TIMER_0_INT_ID,
                                         ^~~~~~~~~~~~~~~~~~
../src/helloworld.c:84:28: error: 'TimerIntCallbackHandler' undeclared (first use in this function)
         (XInterruptHandler)TimerIntCallbackHandler, (void *)0);
                            ^~~~~~~~~~~~~~~~~~~~~~~
In file included from ../src/helloworld.c:53:0:
../src/helloworld.c:89:17: error: 'XPAR_AXI_GPIO_PUSH_BUT_BASEADDR' undeclared (first use in this function)
  XGpio_WriteReg(XPAR_AXI_GPIO_PUSH_BUT_BASEADDR, XGPIO_IER_OFFSET, XGPIO_IR_CH1_MASK);
                 ^
../../sha256_bsp/microblaze_0/include/xgpio_l.h:162:15: note: in definition of macro 'XGpio_WriteReg'
  XGpio_Out32((BaseAddress) + (RegOffset), (u32)(Data))
               ^~~~~~~~~~~
../src/helloworld.c:96:41: error: 'PUSH_BUT_INT_ID' undeclared (first use in this function)
  XIntc_RegisterHandler(IntcBaseAddress, PUSH_BUT_INT_ID,
                                         ^~~~~~~~~~~~~~~
In file included from ../src/helloworld.c:54:0:
../src/helloworld.c:103:36: error: 'FIT_TIMER_0_INT_MASK' undeclared (first use in this function)
  XIntc_EnableIntr(IntcBaseAddress, FIT_TIMER_0_INT_MASK | PUSH_BUT_INT_MASK);
                                    ^
../../sha256_bsp/microblaze_0/include/xintc_l.h:243:47: note: in definition of macro 'XIntc_EnableIntr'
  XIntc_Out32((BaseAddress) + XIN_IER_OFFSET, (EnableMask))
                                               ^~~~~~~~~~
../src/helloworld.c:103:59: error: 'PUSH_BUT_INT_MASK' undeclared (first use in this function)
  XIntc_EnableIntr(IntcBaseAddress, FIT_TIMER_0_INT_MASK | PUSH_BUT_INT_MASK);
                                                           ^
../../sha256_bsp/microblaze_0/include/xintc_l.h:243:47: note: in definition of macro 'XIntc_EnableIntr'
  XIntc_Out32((BaseAddress) + XIN_IER_OFFSET, (EnableMask))
                                               ^~~~~~~~~~
In file included from ../src/helloworld.c:53:0:
../src/helloworld.c: In function 'main':
../src/helloworld.c:144:20: error: 'XPAR_AXI_GPIO_LED_BASEADDR' undeclared (first use in this function)
     XGpio_WriteReg(XPAR_AXI_GPIO_LED_BASEADDR, XGPIO_TRI_OFFSET, 0);
                    ^
../../sha256_bsp/microblaze_0/include/xgpio_l.h:162:15: note: in definition of macro 'XGpio_WriteReg'
  XGpio_Out32((BaseAddress) + (RegOffset), (u32)(Data))
               ^~~~~~~~~~~
../src/helloworld.c:145:20: error: 'XPAR_AXI_GPIO_DISP_SEG_BASEADDR' undeclared (first use in this function)
     XGpio_WriteReg(XPAR_AXI_GPIO_DISP_SEG_BASEADDR, XGPIO_TRI_OFFSET, 0);
                    ^
../../sha256_bsp/microblaze_0/include/xgpio_l.h:162:15: note: in definition of macro 'XGpio_WriteReg'
  XGpio_Out32((BaseAddress) + (RegOffset), (u32)(Data))
               ^~~~~~~~~~~
../src/helloworld.c:146:20: error: 'XPAR_AXI_GPIO_DISP_AN_BASEADDR' undeclared (first use in this function)
     XGpio_WriteReg(XPAR_AXI_GPIO_DISP_AN_BASEADDR, XGPIO_TRI_OFFSET, 0);
                    ^
../../sha256_bsp/microblaze_0/include/xgpio_l.h:162:15: note: in definition of macro 'XGpio_WriteReg'
  XGpio_Out32((BaseAddress) + (RegOffset), (u32)(Data))
               ^~~~~~~~~~~
../src/helloworld.c:169:29: error: 'XPAR_AXI_GPIO_SW_BASEADDR' undeclared (first use in this function)
               XGpio_ReadReg(XPAR_AXI_GPIO_SW_BASEADDR, XGPIO_DATA_OFFSET));
                             ^
../../sha256_bsp/microblaze_0/include/xgpio_l.h:162:49: note: in definition of macro 'XGpio_WriteReg'
  XGpio_Out32((BaseAddress) + (RegOffset), (u32)(Data))
src/subdir.mk:24: recipe for target 'src/helloworld.o' failed
                                                 ^~~~
../src/helloworld.c:169:15: note: in expansion of macro 'XGpio_ReadReg'
               XGpio_ReadReg(XPAR_AXI_GPIO_SW_BASEADDR, XGPIO_DATA_OFFSET));
               ^~~~~~~~~~~~~
make: *** [src/helloworld.o] Error 1
01:23:25 **** Auto Build of configuration Debug for project sha256 ****
make all 
Building file: ../src/helloworld.c
Invoking: MicroBlaze gcc compiler
mb-gcc -Wall -O0 -g3 -c -fmessage-length=0 -MT"src/helloworld.o" -I../../sha256_bsp/microblaze_0/include -mlittle-endian -mcpu=v10.0 -mxl-soft-mul -Wl,--no-relax -ffunction-sections -fdata-sections -MMD -MP -MF"src/helloworld.d" -MT"src/helloworld.o" -o "src/helloworld.o" "../src/helloworld.c"
../src/helloworld.c:68:7: error: expected identifier or '(' before 'void'
 void (void *CallbackRef) // Will be called whenever a button is pressed
       ^~~~
../src/helloworld.c: In function 'SetupInterrupts':
../src/helloworld.c:83:41: error: 'FIT_TIMER_0_INT_ID' undeclared (first use in this function)
  XIntc_RegisterHandler(IntcBaseAddress, FIT_TIMER_0_INT_ID,
                                         ^~~~~~~~~~~~~~~~~~
../src/helloworld.c:83:41: note: each undeclared identifier is reported only once for each function it appears in
../src/helloworld.c:84:28: error: 'HashSolvedCallBack' undeclared (first use in this function)
         (XInterruptHandler)HashSolvedCallBack, (void *)0);
                            ^~~~~~~~~~~~~~~~~~
In file included from ../src/helloworld.c:53:0:
../src/helloworld.c:89:17: error: 'XPAR_AXI_GPIO_PUSH_BUT_BASEADDR' undeclared (first use in this function)
  XGpio_WriteReg(XPAR_AXI_GPIO_PUSH_BUT_BASEADDR, XGPIO_IER_OFFSET, XGPIO_IR_CH1_MASK);
                 ^
../../sha256_bsp/microblaze_0/include/xgpio_l.h:162:15: note: in definition of macro 'XGpio_WriteReg'
src/subdir.mk:24: recipe for target 'src/helloworld.o' failed
  XGpio_Out32((BaseAddress) + (RegOffset), (u32)(Data))
               ^~~~~~~~~~~
../src/helloworld.c:96:41: error: 'PUSH_BUT_INT_ID' undeclared (first use in this function)
  XIntc_RegisterHandler(IntcBaseAddress, PUSH_BUT_INT_ID,
                                         ^~~~~~~~~~~~~~~
../src/helloworld.c:97:28: error: 'PushButIntCallbackHandler' undeclared (first use in this function)
         (XInterruptHandler)PushButIntCallbackHandler, (void *)0);
                            ^~~~~~~~~~~~~~~~~~~~~~~~~
In file included from ../src/helloworld.c:54:0:
../src/helloworld.c:103:36: error: 'FIT_TIMER_0_INT_MASK' undeclared (first use in this function)
  XIntc_EnableIntr(IntcBaseAddress, FIT_TIMER_0_INT_MASK | PUSH_BUT_INT_MASK);
                                    ^
../../sha256_bsp/microblaze_0/include/xintc_l.h:243:47: note: in definition of macro 'XIntc_EnableIntr'
  XIntc_Out32((BaseAddress) + XIN_IER_OFFSET, (EnableMask))
                                               ^~~~~~~~~~
../src/helloworld.c:103:59: error: 'PUSH_BUT_INT_MASK' undeclared (first use in this function)
  XIntc_EnableIntr(IntcBaseAddress, FIT_TIMER_0_INT_MASK | PUSH_BUT_INT_MASK);
                                                           ^
../../sha256_bsp/microblaze_0/include/xintc_l.h:243:47: note: in definition of macro 'XIntc_EnableIntr'
  XIntc_Out32((BaseAddress) + XIN_IER_OFFSET, (EnableMask))
                                               ^~~~~~~~~~
In file included from ../src/helloworld.c:53:0:
../src/helloworld.c: In function 'main':
../src/helloworld.c:144:20: error: 'XPAR_AXI_GPIO_LED_BASEADDR' undeclared (first use in this function)
     XGpio_WriteReg(XPAR_AXI_GPIO_LED_BASEADDR, XGPIO_TRI_OFFSET, 0);
                    ^
../../sha256_bsp/microblaze_0/include/xgpio_l.h:162:15: note: in definition of macro 'XGpio_WriteReg'
  XGpio_Out32((BaseAddress) + (RegOffset), (u32)(Data))
               ^~~~~~~~~~~
../src/helloworld.c:145:20: error: 'XPAR_AXI_GPIO_DISP_SEG_BASEADDR' undeclared (first use in this function)
     XGpio_WriteReg(XPAR_AXI_GPIO_DISP_SEG_BASEADDR, XGPIO_TRI_OFFSET, 0);
                    ^
../../sha256_bsp/microblaze_0/include/xgpio_l.h:162:15: note: in definition of macro 'XGpio_WriteReg'
  XGpio_Out32((BaseAddress) + (RegOffset), (u32)(Data))
               ^~~~~~~~~~~
../src/helloworld.c:146:20: error: 'XPAR_AXI_GPIO_DISP_AN_BASEADDR' undeclared (first use in this function)
     XGpio_WriteReg(XPAR_AXI_GPIO_DISP_AN_BASEADDR, XGPIO_TRI_OFFSET, 0);
                    ^
../../sha256_bsp/microblaze_0/include/xgpio_l.h:162:15: note: in definition of macro 'XGpio_WriteReg'
  XGpio_Out32((BaseAddress) + (RegOffset), (u32)(Data))
               ^~~~~~~~~~~
../src/helloworld.c:169:29: error: 'XPAR_AXI_GPIO_SW_BASEADDR' undeclared (first use in this function)
               XGpio_ReadReg(XPAR_AXI_GPIO_SW_BASEADDR, XGPIO_DATA_OFFSET));
                             ^
../../sha256_bsp/microblaze_0/include/xgpio_l.h:162:49: note: in definition of macro 'XGpio_WriteReg'
  XGpio_Out32((BaseAddress) + (RegOffset), (u32)(Data))
                                                 ^~~~
../src/helloworld.c:169:15: note: in expansion of macro 'XGpio_ReadReg'
               XGpio_ReadReg(XPAR_AXI_GPIO_SW_BASEADDR, XGPIO_DATA_OFFSET));
               ^~~~~~~~~~~~~
make: *** [src/helloworld.o] Error 1
01:24:04 **** Auto Build of configuration Debug for project sha256 ****
make all 
Building file: ../src/helloworld.c
Invoking: MicroBlaze gcc compiler
mb-gcc -Wall -O0 -g3 -c -fmessage-length=0 -MT"src/helloworld.o" -I../../sha256_bsp/microblaze_0/include -mlittle-endian -mcpu=v10.0 -mxl-soft-mul -Wl,--no-relax -ffunction-sections -fdata-sections -MMD -MP -MF"src/helloworld.d" -MT"src/helloworld.o" -o "src/helloworld.o" "../src/helloworld.c"
../src/helloworld.c:69:7: error: expected identifier or '(' before 'void'
 void (void *CallbackRef) // Will be called whenever a button is pressed
       ^~~~
../src/helloworld.c: In function 'SetupInterrupts':
../src/helloworld.c:84:41: error: 'FIT_TIMER_0_INT_ID' undeclared (first use in this function)
  XIntc_RegisterHandler(IntcBaseAddress, FIT_TIMER_0_INT_ID,
                                         ^~~~~~~~~~~~~~~~~~
../src/helloworld.c:84:41: note: each undeclared identifier is reported only once for each function it appears in
../src/helloworld.c:85:28: error: 'HashSolvedCallBack' undeclared (first use in this function)
         (XInterruptHandler)HashSolvedCallBack, (void *)0);
                            ^~~~~~~~~~~~~~~~~~
In file included from ../src/helloworld.c:53:0:
../src/helloworld.c:90:17: error: 'XPAR_AXI_GPIO_PUSH_BUT_BASEADDR' undeclared (first use in this function)
  XGpio_WriteReg(XPAR_AXI_GPIO_PUSH_BUT_BASEADDR, XGPIO_IER_OFFSET, XGPIO_IR_CH1_MASK);
                 ^
../../sha256_bsp/microblaze_0/include/xgpio_l.h:162:15: note: in definition of macro 'XGpio_WriteReg'
  XGpio_Out32((BaseAddress) + (RegOffset), (u32)(Data))
               ^~~~~~~~~~~
../src/helloworld.c:97:41: error: 'PUSH_BUT_INT_ID' undeclared (first use in this function)
  XIntc_RegisterHandler(IntcBaseAddress, PUSH_BUT_INT_ID,
                                         ^~~~~~~~~~~~~~~
../src/helloworld.c:98:28: error: 'PushButIntCallbackHandler' undeclared (first use in this function)
         (XInterruptHandler)PushButIntCallbackHandler, (void *)0);
                            ^~~~~~~~~~~~~~~~~~~~~~~~~
In file included from ../src/helloworld.c:54:0:
../src/helloworld.c:104:36: error: 'FIT_TIMER_0_INT_MASK' undeclared (first use in this function)
  XIntc_EnableIntr(IntcBaseAddress, FIT_TIMER_0_INT_MASK | PUSH_BUT_INT_MASK);
                                    ^
../../sha256_bsp/microblaze_0/include/xintc_l.h:243:47: note: in definition of macro 'XIntc_EnableIntr'
  XIntc_Out32((BaseAddress) + XIN_IER_OFFSET, (EnableMask))
                                               ^~~~~~~~~~
../src/helloworld.c:104:59: error: 'PUSH_BUT_INT_MASK' undeclared (first use in this function)
  XIntc_EnableIntr(IntcBaseAddress, FIT_TIMER_0_INT_MASK | PUSH_BUT_INT_MASK);
                                                           ^
../../sha256_bsp/microblaze_0/include/xintc_l.h:243:47: note: in definition of macro 'XIntc_EnableIntr'
  XIntc_Out32((BaseAddress) + XIN_IER_OFFSET, (EnableMask))
                                               ^~~~~~~~~~
In file included from ../src/helloworld.c:53:0:
../src/helloworld.c: In function 'main':
../src/helloworld.c:145:20: error: 'XPAR_AXI_GPIO_LED_BASEADDR' undeclared (first use in this function)
     XGpio_WriteReg(XPAR_AXI_GPIO_LED_BASEADDR, XGPIO_TRI_OFFSET, 0);
                    ^
../../sha256_bsp/microblaze_0/include/xgpio_l.h:162:15: note: in definition of macro 'XGpio_WriteReg'
  XGpio_Out32((BaseAddress) + (RegOffset), (u32)(Data))
               ^~~~~~~~~~~
../src/helloworld.c:146:20: error: 'XPAR_AXI_GPIO_DISP_SEG_BASEADDR' undeclared (first use in this function)
     XGpio_WriteReg(XPAR_AXI_GPIO_DISP_SEG_BASEADDR, XGPIO_TRI_OFFSET, 0);
                    ^
../../sha256_bsp/microblaze_0/include/xgpio_l.h:162:15: note: in definition of macro 'XGpio_WriteReg'
  XGpio_Out32((BaseAddress) + (RegOffset), (u32)(Data))
               ^~~~~~~~~~~
../src/helloworld.c:147:20: error: 'XPAR_AXI_GPIO_DISP_AN_BASEADDR' undeclared (first use in this function)
     XGpio_WriteReg(XPAR_AXI_GPIO_DISP_AN_BASEADDR, XGPIO_TRI_OFFSET, 0);
                    ^
../../sha256_bsp/microblaze_0/include/xgpio_l.h:162:15: note: in definition of macro 'XGpio_WriteReg'
  XGpio_Out32((BaseAddress) + (RegOffset), (u32)(Data))
               ^~~~~~~~~~~
../src/helloworld.c:170:29: error: 'XPAR_AXI_GPIO_SW_BASEADDR' undeclared (first use in this function)
               XGpio_ReadReg(XPAR_AXI_GPIO_SW_BASEADDR, XGPIO_DATA_OFFSET));
                             ^
../../sha256_bsp/microblaze_0/include/xgpio_l.h:162:49: note: in definition of macro 'XGpio_WriteReg'
  XGpio_Out32((BaseAddress) + (RegOffset), (u32)(Data))
                                                 ^~~~
../src/helloworld.c:170:15: note: in expansion of macro 'XGpio_ReadReg'
               XGpio_ReadReg(XPAR_AXI_GPIO_SW_BASEADDR, XGPIO_DATA_OFFSET));
               ^~~~~~~~~~~~~
src/subdir.mk:24: recipe for target 'src/helloworld.o' failed
make: *** [src/helloworld.o] Error 1
01:24:24 **** Auto Build of configuration Debug for project sha256 ****
make all 
Building file: ../src/helloworld.c
Invoking: MicroBlaze gcc compiler
mb-gcc -Wall -O0 -g3 -c -fmessage-length=0 -MT"src/helloworld.o" -I../../sha256_bsp/microblaze_0/include -mlittle-endian -mcpu=v10.0 -mxl-soft-mul -Wl,--no-relax -ffunction-sections -fdata-sections -MMD -MP -MF"src/helloworld.d" -MT"src/helloworld.o" -o "src/helloworld.o" "../src/helloworld.c"
../src/helloworld.c:69:7: error: expected identifier or '(' before 'void'
 void (void *CallbackRef) // Will be called whenever a button is pressed
       ^~~~
../src/helloworld.c: In function 'SetupInterrupts':
../src/helloworld.c:84:41: error: 'FIT_TIMER_0_INT_ID' undeclared (first use in this function)
  XIntc_RegisterHandler(IntcBaseAddress, FIT_TIMER_0_INT_ID,
                                         ^~~~~~~~~~~~~~~~~~
../src/helloworld.c:84:41: note: each undeclared identifier is reported only once for each function it appears in
../src/helloworld.c:85:28: error: 'HashSolvedCallBack' undeclared (first use in this function)
         (XInterruptHandler)HashSolvedCallBack, (void *)0);
                            ^~~~~~~~~~~~~~~~~~
In file included from ../src/helloworld.c:53:0:
../src/helloworld.c:90:17: error: 'XPAR_AXI_GPIO_PUSH_BUT_BASEADDR' undeclared (first use in this function)
  XGpio_WriteReg(XPAR_AXI_GPIO_PUSH_BUT_BASEADDR, XGPIO_IER_OFFSET, XGPIO_IR_CH1_MASK);
                 ^
../../sha256_bsp/microblaze_0/include/xgpio_l.h:162:15: note: in definition of macro 'XGpio_WriteReg'
  XGpio_Out32((BaseAddress) + (RegOffset), (u32)(Data))
               ^~~~~~~~~~~
../src/helloworld.c:97:41: error: 'PUSH_BUT_INT_ID' undeclared (first use in this function)
  XIntc_RegisterHandler(IntcBaseAddress, PUSH_BUT_INT_ID,
                                         ^~~~~~~~~~~~~~~
../src/helloworld.c:98:28: error: 'PushButIntCallbackHandler' undeclared (first use in this function)
         (XInterruptHandler)PushButIntCallbackHandler, (void *)0);
                            ^~~~~~~~~~~~~~~~~~~~~~~~~
In file included from ../src/helloworld.c:54:0:
../src/helloworld.c:104:36: error: 'FIT_TIMER_0_INT_MASK' undeclared (first use in this function)
  XIntc_EnableIntr(IntcBaseAddress, FIT_TIMER_0_INT_MASK | PUSH_BUT_INT_MASK);
                                    ^
../../sha256_bsp/microblaze_0/include/xintc_l.h:243:47: note: in definition of macro 'XIntc_EnableIntr'
  XIntc_Out32((BaseAddress) + XIN_IER_OFFSET, (EnableMask))
                                               ^~~~~~~~~~
../src/helloworld.c:104:59: error: 'PUSH_BUT_INT_MASK' undeclared (first use in this function)
  XIntc_EnableIntr(IntcBaseAddress, FIT_TIMER_0_INT_MASK | PUSH_BUT_INT_MASK);
                                                           ^
../../sha256_bsp/microblaze_0/include/xintc_l.h:243:47: note: in definition of macro 'XIntc_EnableIntr'
  XIntc_Out32((BaseAddress) + XIN_IER_OFFSET, (EnableMask))
                                               ^~~~~~~~~~
In file included from ../src/helloworld.c:53:0:
../src/helloworld.c: In function 'main':
../src/helloworld.c:145:20: error: 'XPAR_AXI_GPIO_LED_BASEADDR' undeclared (first use in this function)
     XGpio_WriteReg(XPAR_AXI_GPIO_LED_BASEADDR, XGPIO_TRI_OFFSET, 0);
                    ^
../../sha256_bsp/microblaze_0/include/xgpio_l.h:162:15: note: in definition of macro 'XGpio_WriteReg'
  XGpio_Out32((BaseAddress) + (RegOffset), (u32)(Data))
               ^~~~~~~~~~~
../src/helloworld.c:146:20: error: 'XPAR_AXI_GPIO_DISP_SEG_BASEADDR' undeclared (first use in this function)
     XGpio_WriteReg(XPAR_AXI_GPIO_DISP_SEG_BASEADDR, XGPIO_TRI_OFFSET, 0);
                    ^
../../sha256_bsp/microblaze_0/include/xgpio_l.h:162:15: note: in definition of macro 'XGpio_WriteReg'
  XGpio_Out32((BaseAddress) + (RegOffset), (u32)(Data))
               ^~~~~~~~~~~
../src/helloworld.c:147:20: error: 'XPAR_AXI_GPIO_DISP_AN_BASEADDR' undeclared (first use in this function)
     XGpio_WriteReg(XPAR_AXI_GPIO_DISP_AN_BASEADDR, XGPIO_TRI_OFFSET, 0);
                    ^
../../sha256_bsp/microblaze_0/include/xgpio_l.h:162:15: note: in definition of macro 'XGpio_WriteReg'
  XGpio_Out32((BaseAddress) + (RegOffset), (u32)(Data))
               ^~~~~~~~~~~
../src/helloworld.c:170:29: error: 'XPAR_AXI_GPIO_SW_BASEADDR' undeclared (first use in this function)
               XGpio_ReadReg(XPAR_AXI_GPIO_SW_BASEADDR, XGPIO_DATA_OFFSET));
                             ^
../../sha256_bsp/microblaze_0/include/xgpio_l.h:162:49: note: in definition of macro 'XGpio_WriteReg'
  XGpio_Out32((BaseAddress) + (RegOffset), (u32)(Data))
                                                 ^~~~
../src/helloworld.c:170:15: note: in expansion of macro 'XGpio_ReadReg'
               XGpio_ReadReg(XPAR_AXI_GPIO_SW_BASEADDR, XGPIO_DATA_OFFSET));
               ^~~~~~~~~~~~~
src/subdir.mk:24: recipe for target 'src/helloworld.o' failed
make: *** [src/helloworld.o] Error 1
01:24:33 **** Auto Build of configuration Debug for project sha256 ****
make all 
Building file: ../src/helloworld.c
Invoking: MicroBlaze gcc compiler
mb-gcc -Wall -O0 -g3 -c -fmessage-length=0 -MT"src/helloworld.o" -I../../sha256_bsp/microblaze_0/include -mlittle-endian -mcpu=v10.0 -mxl-soft-mul -Wl,--no-relax -ffunction-sections -fdata-sections -MMD -MP -MF"src/helloworld.d" -MT"src/helloworld.o" -o "src/helloworld.o" "../src/helloworld.c"
../src/helloworld.c:69:7: error: expected identifier or '(' before 'void'
 void (void *CallbackRef) // Will be called whenever a button is pressed
       ^~~~
../src/helloworld.c: In function 'SetupInterrupts':
../src/helloworld.c:85:28: error: 'HashSolvedCallBack' undeclared (first use in this function)
         (XInterruptHandler)HashSolvedCallBack, (void *)0);
                            ^~~~~~~~~~~~~~~~~~
../src/helloworld.c:85:28: note: each undeclared identifier is reported only once for each function it appears in
In file included from ../src/helloworld.c:53:0:
../src/helloworld.c:90:17: error: 'XPAR_AXI_GPIO_PUSH_BUT_BASEADDR' undeclared (first use in this function)
  XGpio_WriteReg(XPAR_AXI_GPIO_PUSH_BUT_BASEADDR, XGPIO_IER_OFFSET, XGPIO_IR_CH1_MASK);
                 ^
../../sha256_bsp/microblaze_0/include/xgpio_l.h:162:15: note: in definition of macro 'XGpio_WriteReg'
  XGpio_Out32((BaseAddress) + (RegOffset), (u32)(Data))
               ^~~~~~~~~~~
../src/helloworld.c:97:41: error: 'PUSH_BUT_INT_ID' undeclared (first use in this function)
  XIntc_RegisterHandler(IntcBaseAddress, PUSH_BUT_INT_ID,
                                         ^~~~~~~~~~~~~~~
../src/helloworld.c:98:28: error: 'PushButIntCallbackHandler' undeclared (first use in this function)
         (XInterruptHandler)PushButIntCallbackHandler, (void *)0);
                            ^~~~~~~~~~~~~~~~~~~~~~~~~
In file included from ../src/helloworld.c:54:0:
../src/helloworld.c:104:36: error: 'FIT_TIMER_0_INT_MASK' undeclared (first use in this function)
  XIntc_EnableIntr(IntcBaseAddress, FIT_TIMER_0_INT_MASK | PUSH_BUT_INT_MASK);
                                    ^
../../sha256_bsp/microblaze_0/include/xintc_l.h:243:47: note: in definition of macro 'XIntc_EnableIntr'
  XIntc_Out32((BaseAddress) + XIN_IER_OFFSET, (EnableMask))
                                               ^~~~~~~~~~
../src/helloworld.c:104:59: error: 'PUSH_BUT_INT_MASK' undeclared (first use in this function)
  XIntc_EnableIntr(IntcBaseAddress, FIT_TIMER_0_INT_MASK | PUSH_BUT_INT_MASK);
                                                           ^
../../sha256_bsp/microblaze_0/include/xintc_l.h:243:47: note: in definition of macro 'XIntc_EnableIntr'
  XIntc_Out32((BaseAddress) + XIN_IER_OFFSET, (EnableMask))
                                               ^~~~~~~~~~
In file included from ../src/helloworld.c:53:0:
../src/helloworld.c: In function 'main':
../src/helloworld.c:145:20: error: 'XPAR_AXI_GPIO_LED_BASEADDR' undeclared (first use in this function)
     XGpio_WriteReg(XPAR_AXI_GPIO_LED_BASEADDR, XGPIO_TRI_OFFSET, 0);
                    ^
../../sha256_bsp/microblaze_0/include/xgpio_l.h:162:15: note: in definition of macro 'XGpio_WriteReg'
  XGpio_Out32((BaseAddress) + (RegOffset), (u32)(Data))
               ^~~~~~~~~~~
../src/helloworld.c:146:20: error: 'XPAR_AXI_GPIO_DISP_SEG_BASEADDR' undeclared (first use in this function)
     XGpio_WriteReg(XPAR_AXI_GPIO_DISP_SEG_BASEADDR, XGPIO_TRI_OFFSET, 0);
                    ^
../../sha256_bsp/microblaze_0/include/xgpio_l.h:162:15: note: in definition of macro 'XGpio_WriteReg'
  XGpio_Out32((BaseAddress) + (RegOffset), (u32)(Data))
               ^~~~~~~~~~~
../src/helloworld.c:147:20: error: 'XPAR_AXI_GPIO_DISP_AN_BASEADDR' undeclared (first use in this function)
     XGpio_WriteReg(XPAR_AXI_GPIO_DISP_AN_BASEADDR, XGPIO_TRI_OFFSET, 0);
                    ^
../../sha256_bsp/microblaze_0/include/xgpio_l.h:162:15: note: in definition of macro 'XGpio_WriteReg'
  XGpio_Out32((BaseAddress) + (RegOffset), (u32)(Data))
               ^~~~~~~~~~~
../src/helloworld.c:170:29: error: 'XPAR_AXI_GPIO_SW_BASEADDR' undeclared (first use in this function)
               XGpio_ReadReg(XPAR_AXI_GPIO_SW_BASEADDR, XGPIO_DATA_OFFSET));
                             ^
../../sha256_bsp/microblaze_0/include/xgpio_l.h:162:49: note: in definition of macro 'XGpio_WriteReg'
  XGpio_Out32((BaseAddress) + (RegOffset), (u32)(Data))
                                                 ^~~~
../src/helloworld.c:170:15: note: in expansion of macro 'XGpio_ReadReg'
               XGpio_ReadReg(XPAR_AXI_GPIO_SW_BASEADDR, XGPIO_DATA_OFFSET));
               ^~~~~~~~~~~~~
make: *** [src/helloworld.o] Error 1
src/subdir.mk:24: recipe for target 'src/helloworld.o' failed
01:24:41 **** Auto Build of configuration Debug for project sha256 ****
make all 
Building file: ../src/helloworld.c
Invoking: MicroBlaze gcc compiler
mb-gcc -Wall -O0 -g3 -c -fmessage-length=0 -MT"src/helloworld.o" -I../../sha256_bsp/microblaze_0/include -mlittle-endian -mcpu=v10.0 -mxl-soft-mul -Wl,--no-relax -ffunction-sections -fdata-sections -MMD -MP -MF"src/helloworld.d" -MT"src/helloworld.o" -o "src/helloworld.o" "../src/helloworld.c"
../src/helloworld.c: In function 'HashSolvedCallBack':
../src/helloworld.c:71:2: error: 'userCount' undeclared (first use in this function)
  userCount = 0;
  ^~~~~~~~~
../src/helloworld.c:71:2: note: each undeclared identifier is reported only once for each function it appears in
In file included from ../src/helloworld.c:53:0:
../src/helloworld.c:75:17: error: 'XPAR_AXI_GPIO_PUSH_BUT_BASEADDR' undeclared (first use in this function)
  XGpio_WriteReg(XPAR_AXI_GPIO_PUSH_BUT_BASEADDR, XGPIO_ISR_OFFSET, XGPIO_IR_CH1_MASK);
                 ^
../../sha256_bsp/microblaze_0/include/xgpio_l.h:162:15: note: in definition of macro 'XGpio_WriteReg'
  XGpio_Out32((BaseAddress) + (RegOffset), (u32)(Data))
               ^~~~~~~~~~~
../src/helloworld.c: In function 'SetupInterrupts':
../src/helloworld.c:90:17: error: 'XPAR_AXI_GPIO_PUSH_BUT_BASEADDR' undeclared (first use in this function)
  XGpio_WriteReg(XPAR_AXI_GPIO_PUSH_BUT_BASEADDR, XGPIO_IER_OFFSET, XGPIO_IR_CH1_MASK);
                 ^
../../sha256_bsp/microblaze_0/include/xgpio_l.h:162:15: note: in definition of macro 'XGpio_WriteReg'
  XGpio_Out32((BaseAddress) + (RegOffset), (u32)(Data))
               ^~~~~~~~~~~
../src/helloworld.c:97:41: error: 'PUSH_BUT_INT_ID' undeclared (first use in this function)
  XIntc_RegisterHandler(IntcBaseAddress, PUSH_BUT_INT_ID,
                                         ^~~~~~~~~~~~~~~
../src/helloworld.c:98:28: error: 'PushButIntCallbackHandler' undeclared (first use in this function)
         (XInterruptHandler)PushButIntCallbackHandler, (void *)0);
                            ^~~~~~~~~~~~~~~~~~~~~~~~~
In file included from ../src/helloworld.c:54:0:
../src/helloworld.c:104:36: error: 'FIT_TIMER_0_INT_MASK' undeclared (first use in this function)
  XIntc_EnableIntr(IntcBaseAddress, FIT_TIMER_0_INT_MASK | PUSH_BUT_INT_MASK);
                                    ^
../../sha256_bsp/microblaze_0/include/xintc_l.h:243:47: note: in definition of macro 'XIntc_EnableIntr'
  XIntc_Out32((BaseAddress) + XIN_IER_OFFSET, (EnableMask))
                                               ^~~~~~~~~~
../src/helloworld.c:104:59: error: 'PUSH_BUT_INT_MASK' undeclared (first use in this function)
  XIntc_EnableIntr(IntcBaseAddress, FIT_TIMER_0_INT_MASK | PUSH_BUT_INT_MASK);
                                                           ^
../../sha256_bsp/microblaze_0/include/xintc_l.h:243:47: note: in definition of macro 'XIntc_EnableIntr'
  XIntc_Out32((BaseAddress) + XIN_IER_OFFSET, (EnableMask))
                                               ^~~~~~~~~~
In file included from ../src/helloworld.c:53:0:
../src/helloworld.c: In function 'main':
../src/helloworld.c:145:20: error: 'XPAR_AXI_GPIO_LED_BASEADDR' undeclared (first use in this function)
     XGpio_WriteReg(XPAR_AXI_GPIO_LED_BASEADDR, XGPIO_TRI_OFFSET, 0);
                    ^
../../sha256_bsp/microblaze_0/include/xgpio_l.h:162:15: note: in definition of macro 'XGpio_WriteReg'
  XGpio_Out32((BaseAddress) + (RegOffset), (u32)(Data))
               ^~~~~~~~~~~
../src/helloworld.c:146:20: error: 'XPAR_AXI_GPIO_DISP_SEG_BASEADDR' undeclared (first use in this function)
     XGpio_WriteReg(XPAR_AXI_GPIO_DISP_SEG_BASEADDR, XGPIO_TRI_OFFSET, 0);
                    ^
../../sha256_bsp/microblaze_0/include/xgpio_l.h:162:15: note: in definition of macro 'XGpio_WriteReg'
  XGpio_Out32((BaseAddress) + (RegOffset), (u32)(Data))
               ^~~~~~~~~~~
../src/helloworld.c:147:20: error: 'XPAR_AXI_GPIO_DISP_AN_BASEADDR' undeclared (first use in this function)
     XGpio_WriteReg(XPAR_AXI_GPIO_DISP_AN_BASEADDR, XGPIO_TRI_OFFSET, 0);
                    ^
../../sha256_bsp/microblaze_0/include/xgpio_l.h:162:15: note: in definition of macro 'XGpio_WriteReg'
  XGpio_Out32((BaseAddress) + (RegOffset), (u32)(Data))
               ^~~~~~~~~~~
../src/helloworld.c:170:29: error: 'XPAR_AXI_GPIO_SW_BASEADDR' undeclared (first use in this function)
               XGpio_ReadReg(XPAR_AXI_GPIO_SW_BASEADDR, XGPIO_DATA_OFFSET));
                             ^
../../sha256_bsp/microblaze_0/include/xgpio_l.h:162:49: note: in definition of macro 'XGpio_WriteReg'
  XGpio_Out32((BaseAddress) + (RegOffset), (u32)(Data))
                                                 ^~~~
../src/helloworld.c:170:15: note: in expansion of macro 'XGpio_ReadReg'
               XGpio_ReadReg(XPAR_AXI_GPIO_SW_BASEADDR, XGPIO_DATA_OFFSET));
               ^~~~~~~~~~~~~
make: *** [src/helloworld.o] Error 1
src/subdir.mk:24: recipe for target 'src/helloworld.o' failed
01:25:14 **** Auto Build of configuration Debug for project sha256 ****
make all 
Building file: ../src/helloworld.c
Invoking: MicroBlaze gcc compiler
mb-gcc -Wall -O0 -g3 -c -fmessage-length=0 -MT"src/helloworld.o" -I../../sha256_bsp/microblaze_0/include -mlittle-endian -mcpu=v10.0 -mxl-soft-mul -Wl,--no-relax -ffunction-sections -fdata-sections -MMD -MP -MF"src/helloworld.d" -MT"src/helloworld.o" -o "src/helloworld.o" "../src/helloworld.c"
../src/helloworld.c: In function 'HashSolvedCallBack':
../src/helloworld.c:72:2: error: 'userCount' undeclared (first use in this function)
  userCount = 0;
  ^~~~~~~~~
../src/helloworld.c:72:2: note: each undeclared identifier is reported only once for each function it appears in
In file included from ../src/helloworld.c:53:0:
../src/helloworld.c:76:17: error: 'XPAR_AXI_GPIO_PUSH_BUT_BASEADDR' undeclared (first use in this function)
  XGpio_WriteReg(XPAR_AXI_GPIO_PUSH_BUT_BASEADDR, XGPIO_ISR_OFFSET, XGPIO_IR_CH1_MASK);
                 ^
../../sha256_bsp/microblaze_0/include/xgpio_l.h:162:15: note: in definition of macro 'XGpio_WriteReg'
  XGpio_Out32((BaseAddress) + (RegOffset), (u32)(Data))
               ^~~~~~~~~~~
../src/helloworld.c: In function 'SetupInterrupts':
../src/helloworld.c:91:17: error: 'XPAR_AXI_GPIO_PUSH_BUT_BASEADDR' undeclared (first use in this function)
  XGpio_WriteReg(XPAR_AXI_GPIO_PUSH_BUT_BASEADDR, XGPIO_IER_OFFSET, XGPIO_IR_CH1_MASK);
                 ^
../../sha256_bsp/microblaze_0/include/xgpio_l.h:162:15: note: in definition of macro 'XGpio_WriteReg'
  XGpio_Out32((BaseAddress) + (RegOffset), (u32)(Data))
               ^~~~~~~~~~~
../src/helloworld.c:98:41: error: 'PUSH_BUT_INT_ID' undeclared (first use in this function)
  XIntc_RegisterHandler(IntcBaseAddress, PUSH_BUT_INT_ID,
                                         ^~~~~~~~~~~~~~~
../src/helloworld.c:99:28: error: 'PushButIntCallbackHandler' undeclared (first use in this function)
         (XInterruptHandler)PushButIntCallbackHandler, (void *)0);
                            ^~~~~~~~~~~~~~~~~~~~~~~~~
In file included from ../src/helloworld.c:54:0:
../src/helloworld.c:105:36: error: 'FIT_TIMER_0_INT_MASK' undeclared (first use in this function)
  XIntc_EnableIntr(IntcBaseAddress, FIT_TIMER_0_INT_MASK | PUSH_BUT_INT_MASK);
                                    ^
../../sha256_bsp/microblaze_0/include/xintc_l.h:243:47: note: in definition of macro 'XIntc_EnableIntr'
  XIntc_Out32((BaseAddress) + XIN_IER_OFFSET, (EnableMask))
                                               ^~~~~~~~~~
../src/helloworld.c:105:59: error: 'PUSH_BUT_INT_MASK' undeclared (first use in this function)
  XIntc_EnableIntr(IntcBaseAddress, FIT_TIMER_0_INT_MASK | PUSH_BUT_INT_MASK);
                                                           ^
../../sha256_bsp/microblaze_0/include/xintc_l.h:243:47: note: in definition of macro 'XIntc_EnableIntr'
  XIntc_Out32((BaseAddress) + XIN_IER_OFFSET, (EnableMask))
                                               ^~~~~~~~~~
In file included from ../src/helloworld.c:53:0:
../src/helloworld.c: In function 'main':
../src/helloworld.c:146:20: error: 'XPAR_AXI_GPIO_LED_BASEADDR' undeclared (first use in this function)
     XGpio_WriteReg(XPAR_AXI_GPIO_LED_BASEADDR, XGPIO_TRI_OFFSET, 0);
                    ^
../../sha256_bsp/microblaze_0/include/xgpio_l.h:162:15: note: in definition of macro 'XGpio_WriteReg'
  XGpio_Out32((BaseAddress) + (RegOffset), (u32)(Data))
               ^~~~~~~~~~~
../src/helloworld.c:147:20: error: 'XPAR_AXI_GPIO_DISP_SEG_BASEADDR' undeclared (first use in this function)
     XGpio_WriteReg(XPAR_AXI_GPIO_DISP_SEG_BASEADDR, XGPIO_TRI_OFFSET, 0);
                    ^
../../sha256_bsp/microblaze_0/include/xgpio_l.h:162:15: note: in definition of macro 'XGpio_WriteReg'
  XGpio_Out32((BaseAddress) + (RegOffset), (u32)(Data))
               ^~~~~~~~~~~
../src/helloworld.c:148:20: error: 'XPAR_AXI_GPIO_DISP_AN_BASEADDR' undeclared (first use in this function)
     XGpio_WriteReg(XPAR_AXI_GPIO_DISP_AN_BASEADDR, XGPIO_TRI_OFFSET, 0);
                    ^
../../sha256_bsp/microblaze_0/include/xgpio_l.h:162:15: note: in definition of macro 'XGpio_WriteReg'
  XGpio_Out32((BaseAddress) + (RegOffset), (u32)(Data))
               ^~~~~~~~~~~
../src/helloworld.c:171:29: error: 'XPAR_AXI_GPIO_SW_BASEADDR' undeclared (first use in this function)
               XGpio_ReadReg(XPAR_AXI_GPIO_SW_BASEADDR, XGPIO_DATA_OFFSET));
                             ^
../../sha256_bsp/microblaze_0/include/xgpio_l.h:162:49: note: in definition of macro 'XGpio_WriteReg'
  XGpio_Out32((BaseAddress) + (RegOffset), (u32)(Data))
                                                 ^~~~
../src/helloworld.c:171:15: note: in expansion of macro 'XGpio_ReadReg'
               XGpio_ReadReg(XPAR_AXI_GPIO_SW_BASEADDR, XGPIO_DATA_OFFSET));
               ^~~~~~~~~~~~~
make: *** [src/helloworld.o] Error 1
src/subdir.mk:24: recipe for target 'src/helloworld.o' failed
01:25:15 **** Auto Build of configuration Debug for project sha256 ****
make all 
Building file: ../src/helloworld.c
Invoking: MicroBlaze gcc compiler
mb-gcc -Wall -O0 -g3 -c -fmessage-length=0 -MT"src/helloworld.o" -I../../sha256_bsp/microblaze_0/include -mlittle-endian -mcpu=v10.0 -mxl-soft-mul -Wl,--no-relax -ffunction-sections -fdata-sections -MMD -MP -MF"src/helloworld.d" -MT"src/helloworld.o" -o "src/helloworld.o" "../src/helloworld.c"
../src/helloworld.c: In function 'HashSolvedCallBack':
../src/helloworld.c:72:2: error: 'userCount' undeclared (first use in this function)
  userCount = 0;
  ^~~~~~~~~
../src/helloworld.c:72:2: note: each undeclared identifier is reported only once for each function it appears in
In file included from ../src/helloworld.c:53:0:
../src/helloworld.c:76:17: error: 'XPAR_AXI_GPIO_PUSH_BUT_BASEADDR' undeclared (first use in this function)
  XGpio_WriteReg(XPAR_AXI_GPIO_PUSH_BUT_BASEADDR, XGPIO_ISR_OFFSET, XGPIO_IR_CH1_MASK);
                 ^
../../sha256_bsp/microblaze_0/include/xgpio_l.h:162:15: note: in definition of macro 'XGpio_WriteReg'
  XGpio_Out32((BaseAddress) + (RegOffset), (u32)(Data))
               ^~~~~~~~~~~
../src/helloworld.c: In function 'SetupInterrupts':
../src/helloworld.c:91:17: error: 'XPAR_AXI_GPIO_PUSH_BUT_BASEADDR' undeclared (first use in this function)
[...]
../src/helloworld.c: In function 'main':
../src/helloworld.c:163:34: error: expected ';' before ')' token
      xil_printf("%x\n", Xil_In32));
                                  ^
../src/helloworld.c:163:34: error: expected statement before ')' token
src/subdir.mk:24: recipe for target 'src/helloworld.o' failed
make: *** [src/helloworld.o] Error 1
02:40:30 **** Auto Build of configuration Debug for project sha256 ****
make all 
Building file: ../src/helloworld.c
Invoking: MicroBlaze gcc compiler
mb-gcc -Wall -O0 -g3 -c -fmessage-length=0 -MT"src/helloworld.o" -I../../sha256_bsp/microblaze_0/include -mlittle-endian -mcpu=v10.0 -mxl-soft-mul -Wl,--no-relax -ffunction-sections -fdata-sections -MMD -MP -MF"src/helloworld.d" -MT"src/helloworld.o" -o "src/helloworld.o" "../src/helloworld.c"
../src/helloworld.c: In function 'main':
../src/helloworld.c:163:34: error: 'XPAR_AXI_G' undeclared (first use in this function)
      xil_printf("%x\n", Xil_In32(XPAR_AXI_G));
                                  ^~~~~~~~~~
../src/helloworld.c:163:34: note: each undeclared identifier is reported only once for each function it appears in
src/subdir.mk:24: recipe for target 'src/helloworld.o' failed
make: *** [src/helloworld.o] Error 1
02:47:00 **** Auto Build of configuration Debug for project sha256 ****
make all 
Building file: ../src/helloworld.c
Invoking: MicroBlaze gcc compiler
mb-gcc -Wall -O0 -g3 -c -fmessage-length=0 -MT"src/helloworld.o" -I../../sha256_bsp/microblaze_0/include -mlittle-endian -mcpu=v10.0 -mxl-soft-mul -Wl,--no-relax -ffunction-sections -fdata-sections -MMD -MP -MF"src/helloworld.d" -MT"src/helloworld.o" -o "src/helloworld.o" "../src/helloworld.c"
../src/helloworld.c:51:27: fatal error: xil_exception.h: No such file or directory
 #include "xil_exception.h"
                           ^
compilation terminated.
src/subdir.mk:24: recipe for target 'src/helloworld.o' failed
make: *** [src/helloworld.o] Error 1
02:47:10 **** Auto Build of project sha256_bsp ****
make -k all 
Running Make include in microblaze_0/libsrc/cpu_v2_6/src
make -C microblaze_0/libsrc/cpu_v2_6/src -s include  "SHELL=/bin/sh" "COMPILER=mb-gcc" "ARCHIVER=mb-ar" "COMPILER_FLAGS= -O2 -c -mcpu=v10.0 -mlittle-endian -mxl-soft-mul" "EXTRA_COMPILER_FLAGS=-ffunction-sections -fdata-sections -Wall -Wextra"
Running Make include in microblaze_0/libsrc/standalone_v6_5/src
make -C microblaze_0/libsrc/standalone_v6_5/src -s include  "SHELL=/bin/sh" "COMPILER=mb-gcc" "ARCHIVER=mb-ar" "COMPILER_FLAGS= -O2 -c -mcpu=v10.0 -mlittle-endian -mxl-soft-mul" "EXTRA_COMPILER_FLAGS=-ffunction-sections -fdata-sections -Wall -Wextra"
Running Make include in microblaze_0/libsrc/uartlite_v3_2/src
make -C microblaze_0/libsrc/uartlite_v3_2/src -s include  "SHELL=/bin/sh" "COMPILER=mb-gcc" "ARCHIVER=mb-ar" "COMPILER_FLAGS= -O2 -c -mcpu=v10.0 -mlittle-endian -mxl-soft-mul" "EXTRA_COMPILER_FLAGS=-ffunction-sections -fdata-sections -Wall -Wextra"
Running Make include in microblaze_0/libsrc/bram_v4_2/src
make -C microblaze_0/libsrc/bram_v4_2/src -s include  "SHELL=/bin/sh" "COMPILER=mb-gcc" "ARCHIVER=mb-ar" "COMPILER_FLAGS= -O2 -c -mcpu=v10.0 -mlittle-endian -mxl-soft-mul" "EXTRA_COMPILER_FLAGS=-ffunction-sections -fdata-sections -Wall -Wextra"
Running Make include in microblaze_0/libsrc/gpio_v4_3/src
make -C microblaze_0/libsrc/gpio_v4_3/src -s include  "SHELL=/bin/sh" "COMPILER=mb-gcc" "ARCHIVER=mb-ar" "COMPILER_FLAGS= -O2 -c -mcpu=v10.0 -mlittle-endian -mxl-soft-mul" "EXTRA_COMPILER_FLAGS=-ffunction-sections -fdata-sections -Wall -Wextra"
Running Make include in microblaze_0/libsrc/intc_v3_7/src
make -C microblaze_0/libsrc/intc_v3_7/src -s include  "SHELL=/bin/sh" "COMPILER=mb-gcc" "ARCHIVER=mb-ar" "COMPILER_FLAGS= -O2 -c -mcpu=v10.0 -mlittle-endian -mxl-soft-mul" "EXTRA_COMPILER_FLAGS=-ffunction-sections -fdata-sections -Wall -Wextra"
Running Make include in microblaze_0/libsrc/sha256_v1_0/src
make -C microblaze_0/libsrc/sha256_v1_0/src -s include  "SHELL=/bin/sh" "COMPILER=mb-gcc" "ARCHIVER=mb-ar" "COMPILER_FLAGS= -O2 -c -mcpu=v10.0 -mlittle-endian -mxl-soft-mul" "EXTRA_COMPILER_FLAGS=-ffunction-sections -fdata-sections -Wall -Wextra"
Running Make libs in microblaze_0/libsrc/cpu_v2_6/src
make -C microblaze_0/libsrc/cpu_v2_6/src -s libs  "SHELL=/bin/sh" "COMPILER=mb-gcc" "ARCHIVER=mb-ar" "COMPILER_FLAGS= -O2 -c -mcpu=v10.0 -mlittle-endian -mxl-soft-mul" "EXTRA_COMPILER_FLAGS=-ffunction-sections -fdata-sections -Wall -Wextra"
Compiling cpu
mb-ar: creating ../../../lib/libxil.a
Running Make libs in microblaze_0/libsrc/standalone_v6_5/src
make -C microblaze_0/libsrc/standalone_v6_5/src -s libs  "SHELL=/bin/sh" "COMPILER=mb-gcc" "ARCHIVER=mb-ar" "COMPILER_FLAGS= -O2 -c -mcpu=v10.0 -mlittle-endian -mxl-soft-mul" "EXTRA_COMPILER_FLAGS=-ffunction-sections -fdata-sections -Wall -Wextra"
Compiling standalone
Running Make libs in microblaze_0/libsrc/uartlite_v3_2/src
make -C microblaze_0/libsrc/uartlite_v3_2/src -s libs  "SHELL=/bin/sh" "COMPILER=mb-gcc" "ARCHIVER=mb-ar" "COMPILER_FLAGS= -O2 -c -mcpu=v10.0 -mlittle-endian -mxl-soft-mul" "EXTRA_COMPILER_FLAGS=-ffunction-sections -fdata-sections -Wall -Wextra"
Compiling uartlite
Running Make libs in microblaze_0/libsrc/bram_v4_2/src
make -C microblaze_0/libsrc/bram_v4_2/src -s libs  "SHELL=/bin/sh" "COMPILER=mb-gcc" "ARCHIVER=mb-ar" "COMPILER_FLAGS= -O2 -c -mcpu=v10.0 -mlittle-endian -mxl-soft-mul" "EXTRA_COMPILER_FLAGS=-ffunction-sections -fdata-sections -Wall -Wextra"
Compiling bram
Running Make libs in microblaze_0/libsrc/gpio_v4_3/src
make -C microblaze_0/libsrc/gpio_v4_3/src -s libs  "SHELL=/bin/sh" "COMPILER=mb-gcc" "ARCHIVER=mb-ar" "COMPILER_FLAGS= -O2 -c -mcpu=v10.0 -mlittle-endian -mxl-soft-mul" "EXTRA_COMPILER_FLAGS=-ffunction-sections -fdata-sections -Wall -Wextra"
Compiling gpio
Running Make libs in microblaze_0/libsrc/intc_v3_7/src
make -C microblaze_0/libsrc/intc_v3_7/src -s libs  "SHELL=/bin/sh" "COMPILER=mb-gcc" "ARCHIVER=mb-ar" "COMPILER_FLAGS= -O2 -c -mcpu=v10.0 -mlittle-endian -mxl-soft-mul" "EXTRA_COMPILER_FLAGS=-ffunction-sections -fdata-sections -Wall -Wextra"
Compiling intc
Running Make libs in microblaze_0/libsrc/sha256_v1_0/src
make -C microblaze_0/libsrc/sha256_v1_0/src -s libs  "SHELL=/bin/sh" "COMPILER=mb-gcc" "ARCHIVER=mb-ar" "COMPILER_FLAGS= -O2 -c -mcpu=v10.0 -mlittle-endian -mxl-soft-mul" "EXTRA_COMPILER_FLAGS=-ffunction-sections -fdata-sections -Wall -Wextra"
Compiling sha256...
sha256_selftest.c: In function 'SHA256_Reg_SelfTest':
sha256_selftest.c:52:55: warning: comparison between signed and unsigned integer expressions [-Wsign-compare]
    if ( SHA256_mReadReg (baseaddr, read_loop_index*4) != (read_loop_index+1)*READ_WRITE_MUL_FACTOR){
                                                       ^~
sha256_selftest.c:36:6: warning: unused variable 'Index' [-Wunused-variable]
  int Index;
      ^~~~~
Finished building libraries
02:47:15 **** Auto Build of configuration Debug for project sha256 ****
make all 
Building file: ../src/helloworld.c
Invoking: MicroBlaze gcc compiler
mb-gcc -Wall -O0 -g3 -c -fmessage-length=0 -MT"src/helloworld.o" -I../../sha256_bsp/microblaze_0/include -mlittle-endian -mcpu=v10.0 -mxl-soft-mul -Wl,--no-relax -ffunction-sections -fdata-sections -MMD -MP -MF"src/helloworld.d" -MT"src/helloworld.o" -o "src/helloworld.o" "../src/helloworld.c"
Finished building: ../src/helloworld.c
 
Building file: ../src/platform.c
Invoking: MicroBlaze gcc compiler
mb-gcc -Wall -O0 -g3 -c -fmessage-length=0 -MT"src/platform.o" -I../../sha256_bsp/microblaze_0/include -mlittle-endian -mcpu=v10.0 -mxl-soft-mul -Wl,--no-relax -ffunction-sections -fdata-sections -MMD -MP -MF"src/platform.d" -MT"src/platform.o" -o "src/platform.o" "../src/platform.c"
Finished building: ../src/platform.c
 
Building target: sha256.elf
Invoking: MicroBlaze gcc linker
mb-gcc -Wl,-T -Wl,../src/lscript.ld -L../../sha256_bsp/microblaze_0/lib -mlittle-endian -mcpu=v10.0 -mxl-soft-mul -Wl,--no-relax -Wl,--gc-sections -o "sha256.elf"  ./src/helloworld.o ./src/platform.o   -Wl,--start-group,-lxil,-lgcc,-lc,--end-group
Finished building target: sha256.elf
 
Invoking: MicroBlaze Print Size
mb-size sha256.elf  |tee "sha256.elf.size"
   text	   data	    bss	    dec	    hex	filename
   7856	    312	   3104	  11272	   2c08	sha256.elf
Finished building: sha256.elf.size
 
02:47:15 **** Auto Build of configuration Debug for project sha256 ****
make all 
Building file: ../src/helloworld.c
Invoking: MicroBlaze gcc compiler
mb-gcc -Wall -O0 -g3 -c -fmessage-length=0 -MT"src/helloworld.o" -I../../sha256_bsp/microblaze_0/include -mlittle-endian -mcpu=v10.0 -mxl-soft-mul -Wl,--no-relax -ffunction-sections -fdata-sections -MMD -MP -MF"src/helloworld.d" -MT"src/helloworld.o" -o "src/helloworld.o" "../src/helloworld.c"
Finished building: ../src/helloworld.c
 
Building target: sha256.elf
Invoking: MicroBlaze gcc linker
mb-gcc -Wl,-T -Wl,../src/lscript.ld -L../../sha256_bsp/microblaze_0/lib -mlittle-endian -mcpu=v10.0 -mxl-soft-mul -Wl,--no-relax -Wl,--gc-sections -o "sha256.elf"  ./src/helloworld.o ./src/platform.o   -Wl,--start-group,-lxil,-lgcc,-lc,--end-group
Finished building target: sha256.elf
 
Invoking: MicroBlaze Print Size
mb-size sha256.elf  |tee "sha256.elf.size"
   text	   data	    bss	    dec	    hex	filename
   7856	    312	   3104	  11272	   2c08	sha256.elf
Finished building: sha256.elf.size
 
02:47:46 **** Build of project sha256_bsp ****
make -k all 
Running Make include in microblaze_0/libsrc/cpu_v2_6/src
make -C microblaze_0/libsrc/cpu_v2_6/src -s include  "SHELL=/bin/sh" "COMPILER=mb-gcc" "ARCHIVER=mb-ar" "COMPILER_FLAGS= -O2 -c -mcpu=v10.0 -mlittle-endian -mxl-soft-mul" "EXTRA_COMPILER_FLAGS=-ffunction-sections -fdata-sections -Wall -Wextra"
Running Make include in microblaze_0/libsrc/standalone_v6_5/src
make -C microblaze_0/libsrc/standalone_v6_5/src -s include  "SHELL=/bin/sh" "COMPILER=mb-gcc" "ARCHIVER=mb-ar" "COMPILER_FLAGS= -O2 -c -mcpu=v10.0 -mlittle-endian -mxl-soft-mul" "EXTRA_COMPILER_FLAGS=-ffunction-sections -fdata-sections -Wall -Wextra"
Running Make include in microblaze_0/libsrc/uartlite_v3_2/src
make -C microblaze_0/libsrc/uartlite_v3_2/src -s include  "SHELL=/bin/sh" "COMPILER=mb-gcc" "ARCHIVER=mb-ar" "COMPILER_FLAGS= -O2 -c -mcpu=v10.0 -mlittle-endian -mxl-soft-mul" "EXTRA_COMPILER_FLAGS=-ffunction-sections -fdata-sections -Wall -Wextra"
Running Make include in microblaze_0/libsrc/bram_v4_2/src
make -C microblaze_0/libsrc/bram_v4_2/src -s include  "SHELL=/bin/sh" "COMPILER=mb-gcc" "ARCHIVER=mb-ar" "COMPILER_FLAGS= -O2 -c -mcpu=v10.0 -mlittle-endian -mxl-soft-mul" "EXTRA_COMPILER_FLAGS=-ffunction-sections -fdata-sections -Wall -Wextra"
Running Make include in microblaze_0/libsrc/gpio_v4_3/src
make -C microblaze_0/libsrc/gpio_v4_3/src -s include  "SHELL=/bin/sh" "COMPILER=mb-gcc" "ARCHIVER=mb-ar" "COMPILER_FLAGS= -O2 -c -mcpu=v10.0 -mlittle-endian -mxl-soft-mul" "EXTRA_COMPILER_FLAGS=-ffunction-sections -fdata-sections -Wall -Wextra"
Running Make include in microblaze_0/libsrc/intc_v3_7/src
make -C microblaze_0/libsrc/intc_v3_7/src -s include  "SHELL=/bin/sh" "COMPILER=mb-gcc" "ARCHIVER=mb-ar" "COMPILER_FLAGS= -O2 -c -mcpu=v10.0 -mlittle-endian -mxl-soft-mul" "EXTRA_COMPILER_FLAGS=-ffunction-sections -fdata-sections -Wall -Wextra"
Running Make include in microblaze_0/libsrc/sha256_v1_0/src
make -C microblaze_0/libsrc/sha256_v1_0/src -s include  "SHELL=/bin/sh" "COMPILER=mb-gcc" "ARCHIVER=mb-ar" "COMPILER_FLAGS= -O2 -c -mcpu=v10.0 -mlittle-endian -mxl-soft-mul" "EXTRA_COMPILER_FLAGS=-ffunction-sections -fdata-sections -Wall -Wextra"
Running Make libs in microblaze_0/libsrc/cpu_v2_6/src
make -C microblaze_0/libsrc/cpu_v2_6/src -s libs  "SHELL=/bin/sh" "COMPILER=mb-gcc" "ARCHIVER=mb-ar" "COMPILER_FLAGS= -O2 -c -mcpu=v10.0 -mlittle-endian -mxl-soft-mul" "EXTRA_COMPILER_FLAGS=-ffunction-sections -fdata-sections -Wall -Wextra"
Compiling cpu
mb-ar: creating ../../../lib/libxil.a
Running Make libs in microblaze_0/libsrc/standalone_v6_5/src
make -C microblaze_0/libsrc/standalone_v6_5/src -s libs  "SHELL=/bin/sh" "COMPILER=mb-gcc" "ARCHIVER=mb-ar" "COMPILER_FLAGS= -O2 -c -mcpu=v10.0 -mlittle-endian -mxl-soft-mul" "EXTRA_COMPILER_FLAGS=-ffunction-sections -fdata-sections -Wall -Wextra"
Compiling standalone
Running Make libs in microblaze_0/libsrc/uartlite_v3_2/src
make -C microblaze_0/libsrc/uartlite_v3_2/src -s libs  "SHELL=/bin/sh" "COMPILER=mb-gcc" "ARCHIVER=mb-ar" "COMPILER_FLAGS= -O2 -c -mcpu=v10.0 -mlittle-endian -mxl-soft-mul" "EXTRA_COMPILER_FLAGS=-ffunction-sections -fdata-sections -Wall -Wextra"
Compiling uartlite
Running Make libs in microblaze_0/libsrc/bram_v4_2/src
make -C microblaze_0/libsrc/bram_v4_2/src -s libs  "SHELL=/bin/sh" "COMPILER=mb-gcc" "ARCHIVER=mb-ar" "COMPILER_FLAGS= -O2 -c -mcpu=v10.0 -mlittle-endian -mxl-soft-mul" "EXTRA_COMPILER_FLAGS=-ffunction-sections -fdata-sections -Wall -Wextra"
Compiling bram
Running Make libs in microblaze_0/libsrc/gpio_v4_3/src
make -C microblaze_0/libsrc/gpio_v4_3/src -s libs  "SHELL=/bin/sh" "COMPILER=mb-gcc" "ARCHIVER=mb-ar" "COMPILER_FLAGS= -O2 -c -mcpu=v10.0 -mlittle-endian -mxl-soft-mul" "EXTRA_COMPILER_FLAGS=-ffunction-sections -fdata-sections -Wall -Wextra"
Compiling gpio
Running Make libs in microblaze_0/libsrc/intc_v3_7/src
make -C microblaze_0/libsrc/intc_v3_7/src -s libs  "SHELL=/bin/sh" "COMPILER=mb-gcc" "ARCHIVER=mb-ar" "COMPILER_FLAGS= -O2 -c -mcpu=v10.0 -mlittle-endian -mxl-soft-mul" "EXTRA_COMPILER_FLAGS=-ffunction-sections -fdata-sections -Wall -Wextra"
Compiling intc
Running Make libs in microblaze_0/libsrc/sha256_v1_0/src
make -C microblaze_0/libsrc/sha256_v1_0/src -s libs  "SHELL=/bin/sh" "COMPILER=mb-gcc" "ARCHIVER=mb-ar" "COMPILER_FLAGS= -O2 -c -mcpu=v10.0 -mlittle-endian -mxl-soft-mul" "EXTRA_COMPILER_FLAGS=-ffunction-sections -fdata-sections -Wall -Wextra"
Compiling sha256...
sha256_selftest.c: In function 'SHA256_Reg_SelfTest':
sha256_selftest.c:52:55: warning: comparison between signed and unsigned integer expressions [-Wsign-compare]
    if ( SHA256_mReadReg (baseaddr, read_loop_index*4) != (read_loop_index+1)*READ_WRITE_MUL_FACTOR){
                                                       ^~
sha256_selftest.c:36:6: warning: unused variable 'Index' [-Wunused-variable]
  int Index;
      ^~~~~
Finished building libraries
02:47:52 **** Build of configuration Debug for project sha256 ****
make all 
Building file: ../src/helloworld.c
Invoking: MicroBlaze gcc compiler
mb-gcc -Wall -O0 -g3 -c -fmessage-length=0 -MT"src/helloworld.o" -I../../sha256_bsp/microblaze_0/include -mlittle-endian -mcpu=v10.0 -mxl-soft-mul -Wl,--no-relax -ffunction-sections -fdata-sections -MMD -MP -MF"src/helloworld.d" -MT"src/helloworld.o" -o "src/helloworld.o" "../src/helloworld.c"
Finished building: ../src/helloworld.c
 
Building file: ../src/platform.c
Invoking: MicroBlaze gcc compiler
mb-gcc -Wall -O0 -g3 -c -fmessage-length=0 -MT"src/platform.o" -I../../sha256_bsp/microblaze_0/include -mlittle-endian -mcpu=v10.0 -mxl-soft-mul -Wl,--no-relax -ffunction-sections -fdata-sections -MMD -MP -MF"src/platform.d" -MT"src/platform.o" -o "src/platform.o" "../src/platform.c"
Finished building: ../src/platform.c
 
Building target: sha256.elf
Invoking: MicroBlaze gcc linker
mb-gcc -Wl,-T -Wl,../src/lscript.ld -L../../sha256_bsp/microblaze_0/lib -mlittle-endian -mcpu=v10.0 -mxl-soft-mul -Wl,--no-relax -Wl,--gc-sections -o "sha256.elf"  ./src/helloworld.o ./src/platform.o   -Wl,--start-group,-lxil,-lgcc,-lc,--end-group
Finished building target: sha256.elf
 
Invoking: MicroBlaze Print Size
mb-size sha256.elf  |tee "sha256.elf.size"
   text	   data	    bss	    dec	    hex	filename
   3152	    308	   3108	   6568	   19a8	sha256.elf
Finished building: sha256.elf.size
 
02:47:53 **** Auto Build of configuration Debug for project sha256 ****
make all 
Building file: ../src/helloworld.c
Invoking: MicroBlaze gcc compiler
mb-gcc -Wall -O0 -g3 -c -fmessage-length=0 -MT"src/helloworld.o" -I../../sha256_bsp/microblaze_0/include -mlittle-endian -mcpu=v10.0 -mxl-soft-mul -Wl,--no-relax -ffunction-sections -fdata-sections -MMD -MP -MF"src/helloworld.d" -MT"src/helloworld.o" -o "src/helloworld.o" "../src/helloworld.c"
Finished building: ../src/helloworld.c
 
Building target: sha256.elf
Invoking: MicroBlaze gcc linker
mb-gcc -Wl,-T -Wl,../src/lscript.ld -L../../sha256_bsp/microblaze_0/lib -mlittle-endian -mcpu=v10.0 -mxl-soft-mul -Wl,--no-relax -Wl,--gc-sections -o "sha256.elf"  ./src/helloworld.o ./src/platform.o   -Wl,--start-group,-lxil,-lgcc,-lc,--end-group
Finished building target: sha256.elf
 
Invoking: MicroBlaze Print Size
mb-size sha256.elf  |tee "sha256.elf.size"
   text	   data	    bss	    dec	    hex	filename
   7856	    312	   3104	  11272	   2c08	sha256.elf
Finished building: sha256.elf.size
 
02:47:59 **** Auto Build of configuration Debug for project sha256 ****
make all 
Building file: ../src/helloworld.c
Invoking: MicroBlaze gcc compiler
mb-gcc -Wall -O0 -g3 -c -fmessage-length=0 -MT"src/helloworld.o" -I../../sha256_bsp/microblaze_0/include -mlittle-endian -mcpu=v10.0 -mxl-soft-mul -Wl,--no-relax -ffunction-sections -fdata-sections -MMD -MP -MF"src/helloworld.d" -MT"src/helloworld.o" -o "src/helloworld.o" "../src/helloworld.c"
../src/helloworld.c: In function 'main':
../src/helloworld.c:162:25: error: expected expression before ')' token
      xil_printf("%x\n", );
                         ^
make: *** [src/helloworld.o] Error 1
src/subdir.mk:24: recipe for target 'src/helloworld.o' failed
02:48:11 **** Auto Build of configuration Debug for project sha256 ****
make all 
Building file: ../src/helloworld.c
Invoking: MicroBlaze gcc compiler
mb-gcc -Wall -O0 -g3 -c -fmessage-length=0 -MT"src/helloworld.o" -I../../sha256_bsp/microblaze_0/include -mlittle-endian -mcpu=v10.0 -mxl-soft-mul -Wl,--no-relax -ffunction-sections -fdata-sections -MMD -MP -MF"src/helloworld.d" -MT"src/helloworld.o" -o "src/helloworld.o" "../src/helloworld.c"
Finished building: ../src/helloworld.c
 
Building target: sha256.elf
Invoking: MicroBlaze gcc linker
mb-gcc -Wl,-T -Wl,../src/lscript.ld -L../../sha256_bsp/microblaze_0/lib -mlittle-endian -mcpu=v10.0 -mxl-soft-mul -Wl,--no-relax -Wl,--gc-sections -o "sha256.elf"  ./src/helloworld.o ./src/platform.o   -Wl,--start-group,-lxil,-lgcc,-lc,--end-group
Finished building target: sha256.elf
 
Invoking: MicroBlaze Print Size
mb-size sha256.elf  |tee "sha256.elf.size"
   text	   data	    bss	    dec	    hex	filename
   7888	    312	   3104	  11304	   2c28	sha256.elf
Finished building: sha256.elf.size
 
02:48:44 **** Incremental Build of configuration Debug for project sha256 ****
make all 
make: Nothing to be done for 'all'.
02:49:16 **** Auto Build of configuration Debug for project sha256 ****
make all 
Building file: ../src/helloworld.c
Invoking: MicroBlaze gcc compiler
mb-gcc -Wall -O0 -g3 -c -fmessage-length=0 -MT"src/helloworld.o" -I../../sha256_bsp/microblaze_0/include -mlittle-endian -mcpu=v10.0 -mxl-soft-mul -Wl,--no-relax -ffunction-sections -fdata-sections -MMD -MP -MF"src/helloworld.d" -MT"src/helloworld.o" -o "src/helloworld.o" "../src/helloworld.c"
Finished building: ../src/helloworld.c
 
Building target: sha256.elf
Invoking: MicroBlaze gcc linker
mb-gcc -Wl,-T -Wl,../src/lscript.ld -L../../sha256_bsp/microblaze_0/lib -mlittle-endian -mcpu=v10.0 -mxl-soft-mul -Wl,--no-relax -Wl,--gc-sections -o "sha256.elf"  ./src/helloworld.o ./src/platform.o   -Wl,--start-group,-lxil,-lgcc,-lc,--end-group
Finished building target: sha256.elf
 
Invoking: MicroBlaze Print Size
mb-size sha256.elf  |tee "sha256.elf.size"
   text	   data	    bss	    dec	    hex	filename
   7904	    312	   3104	  11320	   2c38	sha256.elf
Finished building: sha256.elf.size
 
02:49:50 **** Incremental Build of configuration Debug for project sha256 ****
make all 
make: Nothing to be done for 'all'.
02:50:00 **** Incremental Build of configuration Debug for project sha256 ****
make all 
make: Nothing to be done for 'all'.
