Copyright 1986-2017 Xilinx, Inc. All Rights Reserved.
-------------------------------------------------------------------------------------------
| Tool Version : Vivado v.2017.4 (lin64) Build 2086221 Fri Dec 15 20:54:30 MST 2017
| Date         : Sat Jun  2 02:44:28 2018
| Host         : brancs running 64-bit Ubuntu 16.04.4 LTS
| Command      : report_control_sets -verbose -file sha256_wrapper_control_sets_placed.rpt
| Design       : sha256_wrapper
| Device       : xc7a100t
-------------------------------------------------------------------------------------------

Control Set Information

Table of Contents
-----------------
1. Summary
2. Flip-Flop Distribution
3. Detailed Control Set Information

1. Summary
----------

+----------------------------------------------------------+-------+
|                          Status                          | Count |
+----------------------------------------------------------+-------+
| Number of unique control sets                            |   156 |
| Unused register locations in slices containing registers |   243 |
+----------------------------------------------------------+-------+


2. Flip-Flop Distribution
-------------------------

+--------------+-----------------------+------------------------+-----------------+--------------+
| Clock Enable | Synchronous Set/Reset | Asynchronous Set/Reset | Total Registers | Total Slices |
+--------------+-----------------------+------------------------+-----------------+--------------+
| No           | No                    | No                     |             216 |           88 |
| No           | No                    | Yes                    |              29 |            7 |
| No           | Yes                   | No                     |             318 |          128 |
| Yes          | No                    | No                     |             238 |           69 |
| Yes          | No                    | Yes                    |              15 |            8 |
| Yes          | Yes                   | No                     |            1285 |          433 |
+--------------+-----------------------+------------------------+-----------------+--------------+


3. Detailed Control Set Information
-----------------------------------

+-----------------------------------------------------------+-------------------------------------------------------------------------------------------------------------------------------------------------------------------------------------------------------+-----------------------------------------------------------------------------------------------------------------------------------------------------+------------------+----------------+
|                        Clock Signal                       |                                                                                             Enable Signal                                                                                             |                                                                   Set/Reset Signal                                                                  | Slice Load Count | Bel Load Count |
+-----------------------------------------------------------+-------------------------------------------------------------------------------------------------------------------------------------------------------------------------------------------------------+-----------------------------------------------------------------------------------------------------------------------------------------------------+------------------+----------------+
| ~sha256_i/mdm_1/U0/No_Dbg_Reg_Access.BUFG_DRCK/Dbg_Clk_31 | sha256_i/mdm_1/U0/MDM_Core_I1/JTAG_CONTROL_I/Use_BSCAN.FDC_I/CE                                                                                                                                       | sha256_i/mdm_1/U0/MDM_Core_I1/JTAG_CONTROL_I/Use_BSCAN.FDC_I/D_1                                                                                    |                1 |              1 |
|  sha256_i/clk_wiz_1/inst/clk_out1                         |                                                                                                                                                                                                       | sha256_i/microblaze_0/U0/MicroBlaze_Core_I/Performance.Core/Use_Debug_Logic.Master_Core.Debug_Perf/capture_1                                        |                1 |              1 |
|  sha256_i/clk_wiz_1/inst/clk_out1                         |                                                                                                                                                                                                       | sha256_i/microblaze_0/U0/MicroBlaze_Core_I/Performance.Core/Decode_I/flush_pipe                                                                     |                1 |              1 |
|  sha256_i/clk_wiz_1/inst/clk_out1                         |                                                                                                                                                                                                       | sha256_i/microblaze_0/U0/MicroBlaze_Core_I/Performance.Core/Decode_I/dbg_stop_i                                                                     |                1 |              1 |
|  sha256_i/mdm_1/U0/Use_E2.BSCAN_I/Ext_JTAG_UPDATE         | sha256_i/microblaze_0/U0/MicroBlaze_Core_I/Performance.Core/Use_Debug_Logic.Master_Core.Debug_Perf/Control_Reg_En                                                                                     | sha256_i/microblaze_0/U0/MicroBlaze_Core_I/Performance.Core/Use_Debug_Logic.Master_Core.Debug_Perf/Serial_Dbg_Intf.normal_stop_cmd_i_reg_n_0        |                1 |              1 |
|  sha256_i/mdm_1/U0/Use_E2.BSCAN_I/Ext_JTAG_UPDATE         | sha256_i/microblaze_0/U0/MicroBlaze_Core_I/Performance.Core/Use_Debug_Logic.Master_Core.Debug_Perf/Control_Reg_En                                                                                     | sha256_i/microblaze_0/U0/MicroBlaze_Core_I/Performance.Core/Use_Debug_Logic.Master_Core.Debug_Perf/Performance_Debug_Control.force_stop_cmd_1_reg_0 |                1 |              1 |
|  sha256_i/mdm_1/U0/Use_E2.BSCAN_I/Ext_JTAG_UPDATE         | sha256_i/microblaze_0/U0/MicroBlaze_Core_I/Performance.Core/Use_Debug_Logic.Master_Core.Debug_Perf/Control_Reg_En                                                                                     | sha256_i/microblaze_0/U0/MicroBlaze_Core_I/Performance.Core/Use_Debug_Logic.Master_Core.Debug_Perf/Serial_Dbg_Intf.continue_from_brk_reg_n_0        |                1 |              1 |
|  sha256_i/mdm_1/U0/Use_E2.BSCAN_I/Ext_JTAG_UPDATE         | sha256_i/microblaze_0/U0/MicroBlaze_Core_I/Performance.Core/Use_Debug_Logic.Master_Core.Debug_Perf/Control_Reg_En                                                                                     | sha256_i/microblaze_0/U0/MicroBlaze_Core_I/Performance.Core/Use_Debug_Logic.Master_Core.Debug_Perf/start_single_step_reg_n_0                        |                1 |              1 |
| ~sha256_i/mdm_1/U0/Use_E2.BSCAN_I/Ext_JTAG_UPDATE         |                                                                                                                                                                                                       | sha256_i/mdm_1/U0/MDM_Core_I1/JTAG_CONTROL_I/sel_n                                                                                                  |                1 |              1 |
|  sha256_i/mdm_1/U0/No_Dbg_Reg_Access.BUFG_DRCK/Dbg_Clk_31 | sha256_i/mdm_1/U0/Use_E2.BSCAN_I/Dbg_Capture_0                                                                                                                                                        | sha256_i/mdm_1/U0/MDM_Core_I1/JTAG_CONTROL_I/sel_reset                                                                                              |                1 |              1 |
|  sha256_i/mdm_1/U0/Use_E2.BSCAN_I/Ext_JTAG_UPDATE         | sha256_i/microblaze_0/U0/MicroBlaze_Core_I/Performance.Core/Use_Debug_Logic.Master_Core.Debug_Perf/Command_Reg_En                                                                                     | sha256_i/microblaze_0/U0/MicroBlaze_Core_I/Performance.Core/Use_Debug_Logic.Master_Core.Debug_Perf/command_reg_clear                                |                1 |              2 |
|  sha256_i/clk_wiz_1/inst/clk_out1                         | sha256_i/microblaze_0/U0/MicroBlaze_Core_I/Performance.Core/Decode_I/Use_MuxCy[10].OF_Piperun_Stage/MUXCY_I/lopt_1                                                                                    |                                                                                                                                                     |                1 |              2 |
|  sha256_i/clk_wiz_1/inst/clk_out1                         | sha256_i/axi_intc_0/U0/AXI_LITE_IPIF_I/I_SLAVE_ATTACHMENT/s_axi_rdata_i[31]_i_1_n_0                                                                                                                   | sha256_i/axi_intc_0/U0/AXI_LITE_IPIF_I/I_SLAVE_ATTACHMENT/rst                                                                                       |                1 |              3 |
|  sha256_i/mdm_1/U0/Use_E2.BSCAN_I/Ext_JTAG_UPDATE         |                                                                                                                                                                                                       |                                                                                                                                                     |                1 |              3 |
|  sha256_i/clk_wiz_1/inst/clk_out1                         | sha256_i/axi_uartlite_0/U0/AXI_LITE_IPIF_I/I_SLAVE_ATTACHMENT/start2                                                                                                                                  | sha256_i/axi_uartlite_0/U0/AXI_LITE_IPIF_I/I_SLAVE_ATTACHMENT/I_DECODER/cs_ce_clr                                                                   |                1 |              4 |
|  sha256_i/clk_wiz_1/inst/clk_out1                         |                                                                                                                                                                                                       | sha256_i/axi_gpio_0/U0/AXI_LITE_IPIF_I/I_SLAVE_ATTACHMENT/clear                                                                                     |                1 |              4 |
|  sha256_i/clk_wiz_1/inst/clk_out1                         | sha256_i/axi_uartlite_0/U0/UARTLITE_CORE_I/BAUD_RATE_I/en_16x_Baud                                                                                                                                    |                                                                                                                                                     |                2 |              4 |
|  sha256_i/clk_wiz_1/inst/clk_out1                         | sha256_i/axi_gpio_1/U0/AXI_LITE_IPIF_I/I_SLAVE_ATTACHMENT/start2                                                                                                                                      | sha256_i/axi_gpio_1/U0/AXI_LITE_IPIF_I/I_SLAVE_ATTACHMENT/I_DECODER/cs_ce_clr                                                                       |                1 |              4 |
|  sha256_i/clk_wiz_1/inst/clk_out1                         | sha256_i/axi_gpio_1/U0/AXI_LITE_IPIF_I/I_SLAVE_ATTACHMENT/bus2ip_addr_i[8]_i_1_n_0                                                                                                                    | sha256_i/axi_gpio_1/U0/AXI_LITE_IPIF_I/I_SLAVE_ATTACHMENT/SR                                                                                        |                1 |              4 |
|  sha256_i/mdm_1/U0/Use_E2.BSCAN_I/Ext_JTAG_UPDATE         | sha256_i/mdm_1/U0/MDM_Core_I1/MDM_SEL                                                                                                                                                                 | sha256_i/mdm_1/U0/Use_E2.BSCAN_I/AR[0]                                                                                                              |                1 |              4 |
| ~sha256_i/mdm_1/U0/Use_E2.BSCAN_I/Ext_JTAG_UPDATE         |                                                                                                                                                                                                       | sha256_i/mdm_1/U0/Use_E2.BSCAN_I/AR[0]                                                                                                              |                1 |              4 |
|  sha256_i/mdm_1/U0/No_Dbg_Reg_Access.BUFG_DRCK/Dbg_Clk_31 | sha256_i/mdm_1/U0/MDM_Core_I1/p_0_out                                                                                                                                                                 | sha256_i/mdm_1/U0/Use_E2.BSCAN_I/AR[0]                                                                                                              |                1 |              4 |
|  sha256_i/clk_wiz_1/inst/clk_out1                         | sha256_i/axi_gpio_0/U0/AXI_LITE_IPIF_I/I_SLAVE_ATTACHMENT/bus2ip_addr_i[8]_i_1_n_0                                                                                                                    | sha256_i/axi_gpio_0/U0/AXI_LITE_IPIF_I/I_SLAVE_ATTACHMENT/SR                                                                                        |                1 |              4 |
|  sha256_i/clk_wiz_1/inst/clk_out1                         | sha256_i/axi_gpio_0/U0/AXI_LITE_IPIF_I/I_SLAVE_ATTACHMENT/start2                                                                                                                                      | sha256_i/axi_gpio_0/U0/AXI_LITE_IPIF_I/I_SLAVE_ATTACHMENT/I_DECODER/cs_ce_clr                                                                       |                1 |              4 |
|  sha256_i/clk_wiz_1/inst/clk_out1                         |                                                                                                                                                                                                       | sha256_i/axi_gpio_1/U0/AXI_LITE_IPIF_I/I_SLAVE_ATTACHMENT/clear                                                                                     |                2 |              4 |
|  sha256_i/clk_wiz_1/inst/clk_out1                         |                                                                                                                                                                                                       | sha256_i/axi_intc_0/U0/AXI_LITE_IPIF_I/I_SLAVE_ATTACHMENT/clear                                                                                     |                1 |              4 |
|  sha256_i/clk_wiz_1/inst/clk_out1                         |                                                                                                                                                                                                       | sha256_i/rst_clk_wiz_1_100M/U0/EXT_LPF/lpf_int                                                                                                      |                1 |              5 |
|  sha256_i/clk_wiz_1/inst/clk_out1                         | sha256_i/sha256_0/U0/sha256_v1_0_S00_AXI_inst/axi_awready0                                                                                                                                            | sha256_i/sha256_0/U0/sha256_v1_0_S00_AXI_inst/p_0_in__0                                                                                             |                1 |              5 |
|  sha256_i/clk_wiz_1/inst/clk_out1                         | sha256_i/sha256_0/U0/sha256_v1_0_S00_AXI_inst/axi_arready_i_1_n_0                                                                                                                                     | sha256_i/sha256_0/U0/sha256_v1_0_S00_AXI_inst/p_0_in__0                                                                                             |                1 |              5 |
|  sha256_i/clk_wiz_1/inst/clk_out1                         | sha256_i/microblaze_0/U0/MicroBlaze_Core_I/Performance.Core/Decode_I/wb_Halted                                                                                                                        | sha256_i/microblaze_0/U0/MicroBlaze_Core_I/sync_reset                                                                                               |                2 |              5 |
|  sha256_i/mdm_1/U0/Use_E2.BSCAN_I/Ext_JTAG_UPDATE         | sha256_i/microblaze_0/U0/MicroBlaze_Core_I/Performance.Core/Use_Debug_Logic.Master_Core.Debug_Perf/Control_Reg_En                                                                                     |                                                                                                                                                     |                3 |              5 |
|  sha256_i/clk_wiz_1/inst/clk_out1                         |                                                                                                                                                                                                       | sha256_i/sha256_0/U0/sha256_v1_0_S00_AXI_inst/p_0_in__0                                                                                             |                3 |              5 |
|  sha256_i/clk_wiz_1/inst/clk_out1                         |                                                                                                                                                                                                       | sha256_i/axi_uartlite_0/U0/UARTLITE_CORE_I/UARTLITE_RX_I/SRL_FIFO_I/I_SRL_FIFO_RBU_F/CNTR_INCR_DECR_ADDN_F_I/SS[0]                                  |                2 |              6 |
|  sha256_i/mdm_1/U0/No_Dbg_Reg_Access.BUFG_DRCK/Dbg_Clk_31 | sha256_i/mdm_1/U0/Use_E2.BSCAN_I/E[0]                                                                                                                                                                 |                                                                                                                                                     |                2 |              6 |
|  sha256_i/mdm_1/U0/No_Dbg_Reg_Access.BUFG_DRCK/Dbg_Clk_31 | sha256_i/mdm_1/U0/Use_E2.BSCAN_I/Use_Serial_Unified_Completion.count_reg[5]_0[0]                                                                                                                      |                                                                                                                                                     |                2 |              6 |
|  sha256_i/clk_wiz_1/inst/clk_out1                         |                                                                                                                                                                                                       | sha256_i/axi_uartlite_0/U0/UARTLITE_CORE_I/UARTLITE_TX_I/SRL_FIFO_I/I_SRL_FIFO_RBU_F/CNTR_INCR_DECR_ADDN_F_I/SS[0]                                  |                2 |              6 |
|  sha256_i/mdm_1/U0/No_Dbg_Reg_Access.BUFG_DRCK/Dbg_Clk_31 | sha256_i/mdm_1/U0/MDM_Core_I1/JTAG_CONTROL_I/Use_BSCAN.FDC_I/Use_Serial_Unified_Completion.sample_1_reg[10][0]                                                                                        |                                                                                                                                                     |                1 |              6 |
|  sha256_i/clk_wiz_1/inst/clk_out1                         | sha256_i/rst_clk_wiz_1_100M/U0/SEQ/seq_cnt_en                                                                                                                                                         | sha256_i/rst_clk_wiz_1_100M/U0/SEQ/SEQ_COUNTER/clear                                                                                                |                1 |              6 |
|  sha256_i/clk_wiz_1/inst/clk_out1                         |                                                                                                                                                                                                       | sha256_i/axi_intc_0/U0/AXI_LITE_IPIF_I/I_SLAVE_ATTACHMENT/rst                                                                                       |                4 |              7 |
|  sha256_i/clk_wiz_1/inst/clk_out1                         | sha256_i/sha256_0/U0/sha256_v1_0_S00_AXI_inst/slv_reg3[23]_i_1_n_0                                                                                                                                    | sha256_i/sha256_0/U0/sha256_v1_0_S00_AXI_inst/p_0_in__0                                                                                             |                3 |              8 |
|  sha256_i/clk_wiz_1/inst/clk_out1                         | sha256_i/sha256_0/U0/sha256_v1_0_S00_AXI_inst/slv_reg6[15]_i_1_n_0                                                                                                                                    | sha256_i/sha256_0/U0/sha256_v1_0_S00_AXI_inst/p_0_in__0                                                                                             |                2 |              8 |
|  sha256_i/clk_wiz_1/inst/clk_out1                         | sha256_i/sha256_0/U0/sha256_v1_0_S00_AXI_inst/slv_reg3[31]_i_1_n_0                                                                                                                                    | sha256_i/sha256_0/U0/sha256_v1_0_S00_AXI_inst/p_0_in__0                                                                                             |                3 |              8 |
|  sha256_i/clk_wiz_1/inst/clk_out1                         | sha256_i/sha256_0/U0/sha256_v1_0_S00_AXI_inst/slv_reg3[7]_i_1_n_0                                                                                                                                     | sha256_i/sha256_0/U0/sha256_v1_0_S00_AXI_inst/p_0_in__0                                                                                             |                2 |              8 |
|  sha256_i/clk_wiz_1/inst/clk_out1                         | sha256_i/sha256_0/U0/sha256_v1_0_S00_AXI_inst/slv_reg4[15]_i_1_n_0                                                                                                                                    | sha256_i/sha256_0/U0/sha256_v1_0_S00_AXI_inst/p_0_in__0                                                                                             |                2 |              8 |
|  sha256_i/clk_wiz_1/inst/clk_out1                         | sha256_i/sha256_0/U0/sha256_v1_0_S00_AXI_inst/slv_reg4[23]_i_1_n_0                                                                                                                                    | sha256_i/sha256_0/U0/sha256_v1_0_S00_AXI_inst/p_0_in__0                                                                                             |                3 |              8 |
|  sha256_i/clk_wiz_1/inst/clk_out1                         | sha256_i/sha256_0/U0/sha256_v1_0_S00_AXI_inst/slv_reg4[31]_i_1_n_0                                                                                                                                    | sha256_i/sha256_0/U0/sha256_v1_0_S00_AXI_inst/p_0_in__0                                                                                             |                1 |              8 |
|  sha256_i/clk_wiz_1/inst/clk_out1                         | sha256_i/sha256_0/U0/sha256_v1_0_S00_AXI_inst/slv_reg4[7]_i_1_n_0                                                                                                                                     | sha256_i/sha256_0/U0/sha256_v1_0_S00_AXI_inst/p_0_in__0                                                                                             |                3 |              8 |
|  sha256_i/clk_wiz_1/inst/clk_out1                         | sha256_i/sha256_0/U0/sha256_v1_0_S00_AXI_inst/slv_reg5[15]_i_1_n_0                                                                                                                                    | sha256_i/sha256_0/U0/sha256_v1_0_S00_AXI_inst/p_0_in__0                                                                                             |                2 |              8 |
|  sha256_i/clk_wiz_1/inst/clk_out1                         | sha256_i/sha256_0/U0/sha256_v1_0_S00_AXI_inst/slv_reg5[23]_i_1_n_0                                                                                                                                    | sha256_i/sha256_0/U0/sha256_v1_0_S00_AXI_inst/p_0_in__0                                                                                             |                2 |              8 |
|  sha256_i/clk_wiz_1/inst/clk_out1                         | sha256_i/sha256_0/U0/sha256_v1_0_S00_AXI_inst/slv_reg5[31]_i_1_n_0                                                                                                                                    | sha256_i/sha256_0/U0/sha256_v1_0_S00_AXI_inst/p_0_in__0                                                                                             |                3 |              8 |
|  sha256_i/clk_wiz_1/inst/clk_out1                         | sha256_i/sha256_0/U0/sha256_v1_0_S00_AXI_inst/slv_reg5[7]_i_1_n_0                                                                                                                                     | sha256_i/sha256_0/U0/sha256_v1_0_S00_AXI_inst/p_0_in__0                                                                                             |                3 |              8 |
|  sha256_i/clk_wiz_1/inst/clk_out1                         | sha256_i/sha256_0/U0/sha256_v1_0_S00_AXI_inst/slv_reg3[15]_i_1_n_0                                                                                                                                    | sha256_i/sha256_0/U0/sha256_v1_0_S00_AXI_inst/p_0_in__0                                                                                             |                1 |              8 |
|  sha256_i/clk_wiz_1/inst/clk_out1                         | sha256_i/sha256_0/U0/sha256_v1_0_S00_AXI_inst/slv_reg18[15]_i_1_n_0                                                                                                                                   | sha256_i/sha256_0/U0/sha256_v1_0_S00_AXI_inst/p_0_in__0                                                                                             |                3 |              8 |
|  sha256_i/clk_wiz_1/inst/clk_out1                         | sha256_i/sha256_0/U0/sha256_v1_0_S00_AXI_inst/p_1_in[31]                                                                                                                                              | sha256_i/sha256_0/U0/sha256_v1_0_S00_AXI_inst/p_0_in__0                                                                                             |                2 |              8 |
|  sha256_i/clk_wiz_1/inst/clk_out1                         | sha256_i/sha256_0/U0/sha256_v1_0_S00_AXI_inst/p_1_in[23]                                                                                                                                              | sha256_i/sha256_0/U0/sha256_v1_0_S00_AXI_inst/p_0_in__0                                                                                             |                2 |              8 |
|  sha256_i/clk_wiz_1/inst/clk_out1                         | sha256_i/sha256_0/U0/sha256_v1_0_S00_AXI_inst/slv_reg18[7]_i_1_n_0                                                                                                                                    | sha256_i/sha256_0/U0/sha256_v1_0_S00_AXI_inst/p_0_in__0                                                                                             |                3 |              8 |
|  sha256_i/clk_wiz_1/inst/clk_out1                         | sha256_i/sha256_0/U0/sha256_v1_0_S00_AXI_inst/slv_reg1[15]_i_1_n_0                                                                                                                                    | sha256_i/sha256_0/U0/sha256_v1_0_S00_AXI_inst/p_0_in__0                                                                                             |                2 |              8 |
|  sha256_i/clk_wiz_1/inst/clk_out1                         | sha256_i/sha256_0/U0/sha256_v1_0_S00_AXI_inst/slv_reg1[31]_i_1_n_0                                                                                                                                    | sha256_i/sha256_0/U0/sha256_v1_0_S00_AXI_inst/p_0_in__0                                                                                             |                1 |              8 |
|  sha256_i/clk_wiz_1/inst/clk_out1                         | sha256_i/sha256_0/U0/sha256_v1_0_S00_AXI_inst/slv_reg1[23]_i_1_n_0                                                                                                                                    | sha256_i/sha256_0/U0/sha256_v1_0_S00_AXI_inst/p_0_in__0                                                                                             |                2 |              8 |
|  sha256_i/clk_wiz_1/inst/clk_out1                         | sha256_i/sha256_0/U0/sha256_v1_0_S00_AXI_inst/slv_reg17[7]_i_1_n_0                                                                                                                                    | sha256_i/sha256_0/U0/sha256_v1_0_S00_AXI_inst/p_0_in__0                                                                                             |                4 |              8 |
|  sha256_i/clk_wiz_1/inst/clk_out1                         | sha256_i/sha256_0/U0/sha256_v1_0_S00_AXI_inst/slv_reg18[31]_i_1_n_0                                                                                                                                   | sha256_i/sha256_0/U0/sha256_v1_0_S00_AXI_inst/p_0_in__0                                                                                             |                2 |              8 |
|  sha256_i/clk_wiz_1/inst/clk_out1                         | sha256_i/sha256_0/U0/sha256_v1_0_S00_AXI_inst/slv_reg18[23]_i_1_n_0                                                                                                                                   | sha256_i/sha256_0/U0/sha256_v1_0_S00_AXI_inst/p_0_in__0                                                                                             |                3 |              8 |
|  sha256_i/clk_wiz_1/inst/clk_out1                         | sha256_i/axi_uartlite_0/U0/UARTLITE_CORE_I/UARTLITE_RX_I/SRL_FIFO_I/I_SRL_FIFO_RBU_F/DYNSHREG_F_I/fifo_wr                                                                                             |                                                                                                                                                     |                1 |              8 |
|  sha256_i/clk_wiz_1/inst/clk_out1                         | sha256_i/sha256_0/U0/sha256_v1_0_S00_AXI_inst/slv_reg9[15]_i_1_n_0                                                                                                                                    | sha256_i/sha256_0/U0/sha256_v1_0_S00_AXI_inst/p_0_in__0                                                                                             |                5 |              8 |
|  sha256_i/mdm_1/U0/No_Dbg_Reg_Access.BUFG_DRCK/Dbg_Clk_31 | sha256_i/microblaze_0/U0/MicroBlaze_Core_I/Performance.Core/Use_Debug_Logic.Master_Core.Debug_Perf/Using_PC_Breakpoints.All_PC_Brks[0].Serial_Interface_1.address_hit_I/Compare[0].SRLC16E_I/which_pc |                                                                                                                                                     |                7 |              8 |
|  sha256_i/mdm_1/U0/No_Dbg_Reg_Access.BUFG_DRCK/Dbg_Clk_31 | sha256_i/mdm_1/U0/MDM_Core_I1/JTAG_CONTROL_I/tdi_shifter0                                                                                                                                             |                                                                                                                                                     |                2 |              8 |
| ~sha256_i/mdm_1/U0/Use_E2.BSCAN_I/Ext_JTAG_UPDATE         | sha256_i/mdm_1/U0/MDM_Core_I1/JTAG_CONTROL_I/Use_BSCAN.command[0]_i_1_n_0                                                                                                                             |                                                                                                                                                     |                2 |              8 |
|  sha256_i/clk_wiz_1/inst/clk_out1                         |                                                                                                                                                                                                       | sha256_i/axi_uartlite_0/U0/AXI_LITE_IPIF_I/I_SLAVE_ATTACHMENT/rst                                                                                   |                4 |              8 |
|  sha256_i/clk_wiz_1/inst/clk_out1                         |                                                                                                                                                                                                       | sha256_i/axi_intc_0/U0/INTC_CORE_I/p_0_in                                                                                                           |                2 |              8 |
|  sha256_i/mdm_1/U0/Use_E2.BSCAN_I/Ext_JTAG_UPDATE         | sha256_i/mdm_1/U0/MDM_Core_I1/JTAG_CONTROL_I/Use_BSCAN.FDC_I/command_1_reg[7]_0[0]                                                                                                                    |                                                                                                                                                     |                1 |              8 |
|  sha256_i/clk_wiz_1/inst/clk_out1                         | sha256_i/sha256_0/U0/sha256_v1_0_S00_AXI_inst/p_1_in[7]                                                                                                                                               | sha256_i/sha256_0/U0/sha256_v1_0_S00_AXI_inst/p_0_in__0                                                                                             |                2 |              8 |
|  sha256_i/clk_wiz_1/inst/clk_out1                         | sha256_i/sha256_0/U0/sha256_v1_0_S00_AXI_inst/p_1_in[15]                                                                                                                                              | sha256_i/sha256_0/U0/sha256_v1_0_S00_AXI_inst/p_0_in__0                                                                                             |                2 |              8 |
|  sha256_i/clk_wiz_1/inst/clk_out1                         | sha256_i/sha256_0/U0/sha256_v1_0_S00_AXI_inst/slv_reg9[7]_i_1_n_0                                                                                                                                     | sha256_i/sha256_0/U0/sha256_v1_0_S00_AXI_inst/p_0_in__0                                                                                             |                3 |              8 |
|  sha256_i/clk_wiz_1/inst/clk_out1                         | sha256_i/sha256_0/U0/sha256_v1_0_S00_AXI_inst/slv_reg9[31]_i_1_n_0                                                                                                                                    | sha256_i/sha256_0/U0/sha256_v1_0_S00_AXI_inst/p_0_in__0                                                                                             |                4 |              8 |
|  sha256_i/clk_wiz_1/inst/clk_out1                         | sha256_i/sha256_0/U0/sha256_v1_0_S00_AXI_inst/slv_reg9[23]_i_1_n_0                                                                                                                                    | sha256_i/sha256_0/U0/sha256_v1_0_S00_AXI_inst/p_0_in__0                                                                                             |                4 |              8 |
|  sha256_i/clk_wiz_1/inst/clk_out1                         | sha256_i/sha256_0/U0/sha256_v1_0_S00_AXI_inst/slv_reg6[23]_i_1_n_0                                                                                                                                    | sha256_i/sha256_0/U0/sha256_v1_0_S00_AXI_inst/p_0_in__0                                                                                             |                3 |              8 |
|  sha256_i/clk_wiz_1/inst/clk_out1                         | sha256_i/sha256_0/U0/sha256_v1_0_S00_AXI_inst/slv_reg8[7]_i_1_n_0                                                                                                                                     | sha256_i/sha256_0/U0/sha256_v1_0_S00_AXI_inst/p_0_in__0                                                                                             |                3 |              8 |
|  sha256_i/clk_wiz_1/inst/clk_out1                         | sha256_i/sha256_0/U0/sha256_v1_0_S00_AXI_inst/slv_reg8[31]_i_1_n_0                                                                                                                                    | sha256_i/sha256_0/U0/sha256_v1_0_S00_AXI_inst/p_0_in__0                                                                                             |                3 |              8 |
|  sha256_i/clk_wiz_1/inst/clk_out1                         | sha256_i/sha256_0/U0/sha256_v1_0_S00_AXI_inst/slv_reg8[23]_i_1_n_0                                                                                                                                    | sha256_i/sha256_0/U0/sha256_v1_0_S00_AXI_inst/p_0_in__0                                                                                             |                3 |              8 |
|  sha256_i/clk_wiz_1/inst/clk_out1                         | sha256_i/sha256_0/U0/sha256_v1_0_S00_AXI_inst/slv_reg8[15]_i_1_n_0                                                                                                                                    | sha256_i/sha256_0/U0/sha256_v1_0_S00_AXI_inst/p_0_in__0                                                                                             |                2 |              8 |
|  sha256_i/clk_wiz_1/inst/clk_out1                         | sha256_i/sha256_0/U0/sha256_v1_0_S00_AXI_inst/slv_reg7[7]_i_1_n_0                                                                                                                                     | sha256_i/sha256_0/U0/sha256_v1_0_S00_AXI_inst/p_0_in__0                                                                                             |                4 |              8 |
|  sha256_i/clk_wiz_1/inst/clk_out1                         | sha256_i/sha256_0/U0/sha256_v1_0_S00_AXI_inst/slv_reg7[31]_i_1_n_0                                                                                                                                    | sha256_i/sha256_0/U0/sha256_v1_0_S00_AXI_inst/p_0_in__0                                                                                             |                4 |              8 |
|  sha256_i/clk_wiz_1/inst/clk_out1                         | sha256_i/sha256_0/U0/sha256_v1_0_S00_AXI_inst/slv_reg7[23]_i_1_n_0                                                                                                                                    | sha256_i/sha256_0/U0/sha256_v1_0_S00_AXI_inst/p_0_in__0                                                                                             |                3 |              8 |
|  sha256_i/clk_wiz_1/inst/clk_out1                         | sha256_i/sha256_0/U0/sha256_v1_0_S00_AXI_inst/slv_reg7[15]_i_1_n_0                                                                                                                                    | sha256_i/sha256_0/U0/sha256_v1_0_S00_AXI_inst/p_0_in__0                                                                                             |                5 |              8 |
|  sha256_i/clk_wiz_1/inst/clk_out1                         | sha256_i/sha256_0/U0/sha256_v1_0_S00_AXI_inst/slv_reg6[7]_i_1_n_0                                                                                                                                     | sha256_i/sha256_0/U0/sha256_v1_0_S00_AXI_inst/p_0_in__0                                                                                             |                2 |              8 |
|  sha256_i/clk_wiz_1/inst/clk_out1                         | sha256_i/sha256_0/U0/sha256_v1_0_S00_AXI_inst/slv_reg6[31]_i_1_n_0                                                                                                                                    | sha256_i/sha256_0/U0/sha256_v1_0_S00_AXI_inst/p_0_in__0                                                                                             |                2 |              8 |
|  sha256_i/clk_wiz_1/inst/clk_out1                         | sha256_i/sha256_0/U0/sha256_v1_0_S00_AXI_inst/slv_reg10[31]_i_1_n_0                                                                                                                                   | sha256_i/sha256_0/U0/sha256_v1_0_S00_AXI_inst/p_0_in__0                                                                                             |                1 |              8 |
|  sha256_i/clk_wiz_1/inst/clk_out1                         | sha256_i/sha256_0/U0/sha256_v1_0_S00_AXI_inst/slv_reg12[7]_i_1_n_0                                                                                                                                    | sha256_i/sha256_0/U0/sha256_v1_0_S00_AXI_inst/p_0_in__0                                                                                             |                3 |              8 |
|  sha256_i/clk_wiz_1/inst/clk_out1                         | sha256_i/sha256_0/U0/sha256_v1_0_S00_AXI_inst/slv_reg12[31]_i_1_n_0                                                                                                                                   | sha256_i/sha256_0/U0/sha256_v1_0_S00_AXI_inst/p_0_in__0                                                                                             |                2 |              8 |
|  sha256_i/clk_wiz_1/inst/clk_out1                         | sha256_i/sha256_0/U0/sha256_v1_0_S00_AXI_inst/slv_reg12[23]_i_1_n_0                                                                                                                                   | sha256_i/sha256_0/U0/sha256_v1_0_S00_AXI_inst/p_0_in__0                                                                                             |                3 |              8 |
|  sha256_i/clk_wiz_1/inst/clk_out1                         | sha256_i/sha256_0/U0/sha256_v1_0_S00_AXI_inst/slv_reg12[15]_i_1_n_0                                                                                                                                   | sha256_i/sha256_0/U0/sha256_v1_0_S00_AXI_inst/p_0_in__0                                                                                             |                3 |              8 |
|  sha256_i/clk_wiz_1/inst/clk_out1                         | sha256_i/sha256_0/U0/sha256_v1_0_S00_AXI_inst/slv_reg11[7]_i_1_n_0                                                                                                                                    | sha256_i/sha256_0/U0/sha256_v1_0_S00_AXI_inst/p_0_in__0                                                                                             |                1 |              8 |
|  sha256_i/clk_wiz_1/inst/clk_out1                         | sha256_i/sha256_0/U0/sha256_v1_0_S00_AXI_inst/slv_reg11[31]_i_1_n_0                                                                                                                                   | sha256_i/sha256_0/U0/sha256_v1_0_S00_AXI_inst/p_0_in__0                                                                                             |                1 |              8 |
|  sha256_i/clk_wiz_1/inst/clk_out1                         | sha256_i/sha256_0/U0/sha256_v1_0_S00_AXI_inst/slv_reg11[23]_i_1_n_0                                                                                                                                   | sha256_i/sha256_0/U0/sha256_v1_0_S00_AXI_inst/p_0_in__0                                                                                             |                1 |              8 |
|  sha256_i/clk_wiz_1/inst/clk_out1                         | sha256_i/sha256_0/U0/sha256_v1_0_S00_AXI_inst/slv_reg11[15]_i_1_n_0                                                                                                                                   | sha256_i/sha256_0/U0/sha256_v1_0_S00_AXI_inst/p_0_in__0                                                                                             |                3 |              8 |
|  sha256_i/clk_wiz_1/inst/clk_out1                         | sha256_i/sha256_0/U0/sha256_v1_0_S00_AXI_inst/slv_reg10[7]_i_1_n_0                                                                                                                                    | sha256_i/sha256_0/U0/sha256_v1_0_S00_AXI_inst/p_0_in__0                                                                                             |                2 |              8 |
|  sha256_i/clk_wiz_1/inst/clk_out1                         | sha256_i/sha256_0/U0/sha256_v1_0_S00_AXI_inst/slv_reg17[23]_i_1_n_0                                                                                                                                   | sha256_i/sha256_0/U0/sha256_v1_0_S00_AXI_inst/p_0_in__0                                                                                             |                2 |              8 |
|  sha256_i/clk_wiz_1/inst/clk_out1                         | sha256_i/sha256_0/U0/sha256_v1_0_S00_AXI_inst/slv_reg10[23]_i_1_n_0                                                                                                                                   | sha256_i/sha256_0/U0/sha256_v1_0_S00_AXI_inst/p_0_in__0                                                                                             |                3 |              8 |
|  sha256_i/clk_wiz_1/inst/clk_out1                         | sha256_i/sha256_0/U0/sha256_v1_0_S00_AXI_inst/slv_reg10[15]_i_1_n_0                                                                                                                                   | sha256_i/sha256_0/U0/sha256_v1_0_S00_AXI_inst/p_0_in__0                                                                                             |                1 |              8 |
|  sha256_i/clk_wiz_1/inst/clk_out1                         | sha256_i/sha256_0/U0/sha256_v1_0_S00_AXI_inst/slv_reg2[15]_i_1_n_0                                                                                                                                    | sha256_i/sha256_0/U0/sha256_v1_0_S00_AXI_inst/p_0_in__0                                                                                             |                1 |              8 |
|  sha256_i/clk_wiz_1/inst/clk_out1                         | sha256_i/sha256_0/U0/sha256_v1_0_S00_AXI_inst/slv_reg2[23]_i_1_n_0                                                                                                                                    | sha256_i/sha256_0/U0/sha256_v1_0_S00_AXI_inst/p_0_in__0                                                                                             |                2 |              8 |
|  sha256_i/clk_wiz_1/inst/clk_out1                         | sha256_i/sha256_0/U0/sha256_v1_0_S00_AXI_inst/slv_reg2[31]_i_1_n_0                                                                                                                                    | sha256_i/sha256_0/U0/sha256_v1_0_S00_AXI_inst/p_0_in__0                                                                                             |                1 |              8 |
|  sha256_i/clk_wiz_1/inst/clk_out1                         | sha256_i/sha256_0/U0/sha256_v1_0_S00_AXI_inst/slv_reg2[7]_i_1_n_0                                                                                                                                     | sha256_i/sha256_0/U0/sha256_v1_0_S00_AXI_inst/p_0_in__0                                                                                             |                2 |              8 |
|  sha256_i/clk_wiz_1/inst/clk_out1                         | sha256_i/axi_intc_0/U0/AXI_LITE_IPIF_I/I_SLAVE_ATTACHMENT/bus2ip_addr_i[8]_i_1_n_0                                                                                                                    | sha256_i/axi_intc_0/U0/AXI_LITE_IPIF_I/I_SLAVE_ATTACHMENT/rst                                                                                       |                2 |              8 |
|  sha256_i/clk_wiz_1/inst/clk_out1                         | sha256_i/axi_uartlite_0/U0/AXI_LITE_IPIF_I/I_SLAVE_ATTACHMENT/I_DECODER/fifo_wr                                                                                                                       |                                                                                                                                                     |                1 |              8 |
|  sha256_i/clk_wiz_1/inst/clk_out1                         | sha256_i/axi_uartlite_0/U0/AXI_LITE_IPIF_I/I_SLAVE_ATTACHMENT/s_axi_rdata_i                                                                                                                           | sha256_i/axi_uartlite_0/U0/AXI_LITE_IPIF_I/I_SLAVE_ATTACHMENT/rst                                                                                   |                3 |              8 |
|  sha256_i/clk_wiz_1/inst/clk_out1                         | sha256_i/sha256_0/U0/sha256_v1_0_S00_AXI_inst/slv_reg15[7]_i_1_n_0                                                                                                                                    | sha256_i/sha256_0/U0/sha256_v1_0_S00_AXI_inst/p_0_in__0                                                                                             |                2 |              8 |
|  sha256_i/clk_wiz_1/inst/clk_out1                         | sha256_i/sha256_0/U0/sha256_v1_0_S00_AXI_inst/slv_reg13[15]_i_1_n_0                                                                                                                                   | sha256_i/sha256_0/U0/sha256_v1_0_S00_AXI_inst/p_0_in__0                                                                                             |                1 |              8 |
|  sha256_i/clk_wiz_1/inst/clk_out1                         | sha256_i/sha256_0/U0/sha256_v1_0_S00_AXI_inst/slv_reg17[31]_i_1_n_0                                                                                                                                   | sha256_i/sha256_0/U0/sha256_v1_0_S00_AXI_inst/p_0_in__0                                                                                             |                2 |              8 |
|  sha256_i/clk_wiz_1/inst/clk_out1                         | sha256_i/sha256_0/U0/sha256_v1_0_S00_AXI_inst/slv_reg17[15]_i_1_n_0                                                                                                                                   | sha256_i/sha256_0/U0/sha256_v1_0_S00_AXI_inst/p_0_in__0                                                                                             |                2 |              8 |
|  sha256_i/clk_wiz_1/inst/clk_out1                         | sha256_i/sha256_0/U0/sha256_v1_0_S00_AXI_inst/slv_reg16[7]_i_1_n_0                                                                                                                                    | sha256_i/sha256_0/U0/sha256_v1_0_S00_AXI_inst/p_0_in__0                                                                                             |                3 |              8 |
|  sha256_i/clk_wiz_1/inst/clk_out1                         | sha256_i/sha256_0/U0/sha256_v1_0_S00_AXI_inst/slv_reg16[31]_i_1_n_0                                                                                                                                   | sha256_i/sha256_0/U0/sha256_v1_0_S00_AXI_inst/p_0_in__0                                                                                             |                3 |              8 |
|  sha256_i/clk_wiz_1/inst/clk_out1                         | sha256_i/sha256_0/U0/sha256_v1_0_S00_AXI_inst/slv_reg16[23]_i_1_n_0                                                                                                                                   | sha256_i/sha256_0/U0/sha256_v1_0_S00_AXI_inst/p_0_in__0                                                                                             |                4 |              8 |
|  sha256_i/clk_wiz_1/inst/clk_out1                         | sha256_i/sha256_0/U0/sha256_v1_0_S00_AXI_inst/slv_reg16[15]_i_1_n_0                                                                                                                                   | sha256_i/sha256_0/U0/sha256_v1_0_S00_AXI_inst/p_0_in__0                                                                                             |                1 |              8 |
|  sha256_i/clk_wiz_1/inst/clk_out1                         | sha256_i/sha256_0/U0/sha256_v1_0_S00_AXI_inst/slv_reg1[7]_i_1_n_0                                                                                                                                     | sha256_i/sha256_0/U0/sha256_v1_0_S00_AXI_inst/p_0_in__0                                                                                             |                1 |              8 |
|  sha256_i/clk_wiz_1/inst/clk_out1                         | sha256_i/sha256_0/U0/sha256_v1_0_S00_AXI_inst/slv_reg15[31]_i_1_n_0                                                                                                                                   | sha256_i/sha256_0/U0/sha256_v1_0_S00_AXI_inst/p_0_in__0                                                                                             |                2 |              8 |
|  sha256_i/clk_wiz_1/inst/clk_out1                         | sha256_i/sha256_0/U0/sha256_v1_0_S00_AXI_inst/slv_reg15[23]_i_1_n_0                                                                                                                                   | sha256_i/sha256_0/U0/sha256_v1_0_S00_AXI_inst/p_0_in__0                                                                                             |                3 |              8 |
|  sha256_i/clk_wiz_1/inst/clk_out1                         | sha256_i/sha256_0/U0/sha256_v1_0_S00_AXI_inst/slv_reg15[15]_i_1_n_0                                                                                                                                   | sha256_i/sha256_0/U0/sha256_v1_0_S00_AXI_inst/p_0_in__0                                                                                             |                3 |              8 |
|  sha256_i/clk_wiz_1/inst/clk_out1                         | sha256_i/sha256_0/U0/sha256_v1_0_S00_AXI_inst/slv_reg14[7]_i_1_n_0                                                                                                                                    | sha256_i/sha256_0/U0/sha256_v1_0_S00_AXI_inst/p_0_in__0                                                                                             |                3 |              8 |
|  sha256_i/clk_wiz_1/inst/clk_out1                         | sha256_i/sha256_0/U0/sha256_v1_0_S00_AXI_inst/slv_reg14[31]_i_1_n_0                                                                                                                                   | sha256_i/sha256_0/U0/sha256_v1_0_S00_AXI_inst/p_0_in__0                                                                                             |                1 |              8 |
|  sha256_i/clk_wiz_1/inst/clk_out1                         | sha256_i/sha256_0/U0/sha256_v1_0_S00_AXI_inst/slv_reg14[23]_i_1_n_0                                                                                                                                   | sha256_i/sha256_0/U0/sha256_v1_0_S00_AXI_inst/p_0_in__0                                                                                             |                4 |              8 |
|  sha256_i/clk_wiz_1/inst/clk_out1                         | sha256_i/sha256_0/U0/sha256_v1_0_S00_AXI_inst/slv_reg14[15]_i_1_n_0                                                                                                                                   | sha256_i/sha256_0/U0/sha256_v1_0_S00_AXI_inst/p_0_in__0                                                                                             |                2 |              8 |
|  sha256_i/clk_wiz_1/inst/clk_out1                         | sha256_i/sha256_0/U0/sha256_v1_0_S00_AXI_inst/slv_reg13[7]_i_1_n_0                                                                                                                                    | sha256_i/sha256_0/U0/sha256_v1_0_S00_AXI_inst/p_0_in__0                                                                                             |                4 |              8 |
|  sha256_i/clk_wiz_1/inst/clk_out1                         | sha256_i/sha256_0/U0/sha256_v1_0_S00_AXI_inst/slv_reg13[31]_i_1_n_0                                                                                                                                   | sha256_i/sha256_0/U0/sha256_v1_0_S00_AXI_inst/p_0_in__0                                                                                             |                3 |              8 |
|  sha256_i/clk_wiz_1/inst/clk_out1                         | sha256_i/sha256_0/U0/sha256_v1_0_S00_AXI_inst/slv_reg13[23]_i_1_n_0                                                                                                                                   | sha256_i/sha256_0/U0/sha256_v1_0_S00_AXI_inst/p_0_in__0                                                                                             |                3 |              8 |
|  sha256_i/mdm_1/U0/No_Dbg_Reg_Access.BUFG_DRCK/Dbg_Clk_31 | sha256_i/mdm_1/U0/MDM_Core_I1/JTAG_CONTROL_I/Use_BSCAN.FDC_I/E[0]                                                                                                                                     |                                                                                                                                                     |                3 |             10 |
|  sha256_i/clk_wiz_1/inst/clk_out1                         | sha256_i/axi_uartlite_0/U0/UARTLITE_CORE_I/BAUD_RATE_I/en_16x_Baud                                                                                                                                    | sha256_i/axi_uartlite_0/U0/UARTLITE_CORE_I/UARTLITE_RX_I/SR[0]                                                                                      |                2 |             10 |
|  sha256_i/clk_wiz_1/inst/clk_out1                         |                                                                                                                                                                                                       | sha256_i/microblaze_0_axi_periph/xbar/inst/gen_sasd.crossbar_sasd_0/addr_arbiter_inst/SR[0]                                                         |                5 |             13 |
|  sha256_i/clk_wiz_1/inst/clk_out1                         |                                                                                                                                                                                                       | sha256_i/axi_gpio_0/U0/AXI_LITE_IPIF_I/I_SLAVE_ATTACHMENT/SR                                                                                        |                5 |             16 |
|  sha256_i/clk_wiz_1/inst/clk_out1                         | sha256_i/microblaze_0/U0/MicroBlaze_Core_I/Performance.Core/Decode_I/PreFetch_Buffer_I1/OF_Valid_DFF/E[0]                                                                                             | sha256_i/microblaze_0/U0/MicroBlaze_Core_I/sync_reset                                                                                               |                6 |             16 |
|  sha256_i/clk_wiz_1/inst/clk_out1                         |                                                                                                                                                                                                       | sha256_i/axi_gpio_1/U0/AXI_LITE_IPIF_I/I_SLAVE_ATTACHMENT/SR                                                                                        |                6 |             16 |
|  sha256_i/clk_wiz_1/inst/clk_out1                         | sha256_i/axi_intc_0/U0/AXI_LITE_IPIF_I/I_SLAVE_ATTACHMENT/start2                                                                                                                                      | sha256_i/axi_intc_0/U0/AXI_LITE_IPIF_I/I_SLAVE_ATTACHMENT/I_DECODER/GEN_BKEND_CE_REGISTERS[16].ce_out_i[16]_i_1_n_0                                 |                4 |             17 |
|  sha256_i/clk_wiz_1/inst/clk_out1                         | sha256_i/microblaze_0/U0/MicroBlaze_Core_I/Performance.Core/mem_databus_ready_sel_carry_or/MUXCY_I/lopt_4                                                                                             | sha256_i/microblaze_0/U0/MicroBlaze_Core_I/sync_reset                                                                                               |               11 |             21 |
|  sha256_i/mdm_1/U0/No_Dbg_Reg_Access.BUFG_DRCK/Dbg_Clk_31 |                                                                                                                                                                                                       | sha256_i/mdm_1/U0/Use_E2.BSCAN_I/shift_n_reset                                                                                                      |                4 |             23 |
|  sha256_i/clk_wiz_1/inst/clk_out1                         | sha256_i/microblaze_0_axi_periph/xbar/inst/gen_sasd.crossbar_sasd_0/addr_arbiter_inst/p_0_in1_in                                                                                                      | sha256_i/microblaze_0_axi_periph/xbar/inst/gen_sasd.crossbar_sasd_0/addr_arbiter_inst/SR[0]                                                         |                4 |             23 |
|  sha256_i/clk_wiz_1/inst/clk_out1                         |                                                                                                                                                                                                       | sha256_i/axi_uartlite_0/U0/UARTLITE_CORE_I/UARTLITE_RX_I/SR[0]                                                                                      |               10 |             29 |
|  sha256_i/clk_wiz_1/inst/clk_out1                         | sha256_i/microblaze_0_axi_periph/xbar/inst/gen_sasd.crossbar_sasd_0/addr_arbiter_inst/s_axi_rvalid[0]                                                                                                 | sha256_i/microblaze_0/U0/MicroBlaze_Core_I/sync_reset                                                                                               |                9 |             32 |
|  sha256_i/clk_wiz_1/inst/clk_out1                         | sha256_i/sha256_0/U0/sha256_v1_0_S00_AXI_inst/axi_rdata[31]_i_1_n_0                                                                                                                                   | sha256_i/sha256_0/U0/sha256_v1_0_S00_AXI_inst/p_0_in__0                                                                                             |               16 |             32 |
|  sha256_i/clk_wiz_1/inst/clk_out1                         | sha256_i/microblaze_0/U0/MicroBlaze_Core_I/Performance.Core/mem_databus_ready_sel_carry_or/MUXCY_I/lopt_4                                                                                             | sha256_i/microblaze_0/U0/MicroBlaze_Core_I/Performance.Core/Decode_I/SR[0]                                                                          |               12 |             32 |
|  sha256_i/clk_wiz_1/inst/clk_out1                         | sha256_i/microblaze_0/U0/MicroBlaze_Core_I/Performance.Core/mem_databus_ready_sel_carry_or/MUXCY_I/lopt_4                                                                                             |                                                                                                                                                     |                5 |             32 |
|  sha256_i/clk_wiz_1/inst/clk_out1                         | sha256_i/microblaze_0/U0/MicroBlaze_Core_I/Performance.Core/Use_Debug_Logic.Master_Core.Debug_Perf/data_rd_reg[0]_i_1_n_0                                                                             | sha256_i/microblaze_0/U0/MicroBlaze_Core_I/sync_reset                                                                                               |               12 |             32 |
|  sha256_i/clk_wiz_1/inst/clk_out1                         |                                                                                                                                                                                                       | sha256_i/microblaze_0/U0/MicroBlaze_Core_I/Performance.Core/p_1_out                                                                                 |               12 |             32 |
|  sha256_i/clk_wiz_1/inst/clk_out1                         | sha256_i/microblaze_0/U0/MicroBlaze_Core_I/Performance.Core/Decode_I/Use_MuxCy[2].OF_Piperun_Stage/MUXCY_I/lopt_1                                                                                     | sha256_i/microblaze_0/U0/MicroBlaze_Core_I/Performance.Core/Decode_I/R                                                                              |               15 |             32 |
|  sha256_i/clk_wiz_1/inst/clk_out1                         | sha256_i/microblaze_0/U0/MicroBlaze_Core_I/Performance.Core/Decode_I/Use_MuxCy[3].OF_Piperun_Stage/MUXCY_I/E[0]                                                                                       | sha256_i/microblaze_0/U0/MicroBlaze_Core_I/sync_reset                                                                                               |                8 |             32 |
|  sha256_i/clk_wiz_1/inst/clk_out1                         | sha256_i/microblaze_0/U0/MicroBlaze_Core_I/Performance.Core/Decode_I/jump_logic_I1/MUXCY_JUMP_CARRY6/if_pc_reg[0][0]                                                                                  | sha256_i/microblaze_0/U0/MicroBlaze_Core_I/sync_reset                                                                                               |                8 |             32 |
|  sha256_i/mdm_1/U0/No_Dbg_Reg_Access.BUFG_DRCK/Dbg_Clk_31 | sha256_i/microblaze_0/U0/MicroBlaze_Core_I/Performance.Core/Use_Debug_Logic.Master_Core.Debug_Perf/New_Dbg_Instr_TCK                                                                                  |                                                                                                                                                     |                9 |             32 |
|  sha256_i/clk_wiz_1/inst/clk_out1                         | sha256_i/microblaze_0_axi_periph/xbar/inst/gen_sasd.crossbar_sasd_0/addr_arbiter_inst/E[0]                                                                                                            |                                                                                                                                                     |               10 |             33 |
|  sha256_i/clk_wiz_1/inst/clk_out1                         | sha256_i/microblaze_0_axi_periph/xbar/inst/gen_sasd.crossbar_sasd_0/reg_slice_r/aa_rready                                                                                                             |                                                                                                                                                     |               14 |             33 |
|  sha256_i/mdm_1/U0/No_Dbg_Reg_Access.BUFG_DRCK/Dbg_Clk_31 | sha256_i/mdm_1/U0/Use_E2.BSCAN_I/Dbg_Capture_0                                                                                                                                                        |                                                                                                                                                     |               13 |             47 |
|  sha256_i/clk_wiz_1/inst/clk_out1                         | sha256_i/microblaze_0/U0/MicroBlaze_Core_I/Performance.Core/Use_Debug_Logic.Master_Core.Debug_Perf/IReady_0                                                                                           |                                                                                                                                                     |               10 |             75 |
|  sha256_i/mdm_1/U0/No_Dbg_Reg_Access.BUFG_DRCK/Dbg_Clk_31 |                                                                                                                                                                                                       |                                                                                                                                                     |               32 |             80 |
|  sha256_i/clk_wiz_1/inst/clk_out1                         | sha256_i/microblaze_0/U0/MicroBlaze_Core_I/Performance.Core/Decode_I/Use_MuxCy[2].OF_Piperun_Stage/MUXCY_I/lopt_1                                                                                     | sha256_i/microblaze_0/U0/MicroBlaze_Core_I/sync_reset                                                                                               |               36 |             84 |
|  sha256_i/clk_wiz_1/inst/clk_out1                         | sha256_i/microblaze_0/U0/MicroBlaze_Core_I/Performance.Core/Decode_I/mb_halted_1_reg[27]                                                                                                              |                                                                                                                                                     |               16 |            128 |
|  sha256_i/clk_wiz_1/inst/clk_out1                         |                                                                                                                                                                                                       |                                                                                                                                                     |               62 |            150 |
|  sha256_i/clk_wiz_1/inst/clk_out1                         |                                                                                                                                                                                                       | sha256_i/microblaze_0/U0/MicroBlaze_Core_I/sync_reset                                                                                               |               66 |            153 |
|  sha256_i/clk_wiz_1/inst/clk_out1                         | sha256_i/microblaze_0/U0/MicroBlaze_Core_I/Performance.Core/Decode_I/Use_MuxCy[10].OF_Piperun_Stage/MUXCY_I/lopt_1                                                                                    | sha256_i/microblaze_0/U0/MicroBlaze_Core_I/sync_reset                                                                                               |               86 |            221 |
+-----------------------------------------------------------+-------------------------------------------------------------------------------------------------------------------------------------------------------------------------------------------------------+-----------------------------------------------------------------------------------------------------------------------------------------------------+------------------+----------------+


+--------+-----------------------+
| Fanout | Number of ControlSets |
+--------+-----------------------+
| 1      |                    10 |
| 2      |                     2 |
| 3      |                     2 |
| 4      |                    12 |
| 5      |                     6 |
| 6      |                     6 |
| 7      |                     1 |
| 8      |                    86 |
| 10     |                     2 |
| 13     |                     1 |
| 16+    |                    28 |
+--------+-----------------------+


